Component: ARM Compiler 5.06 update 6 (build 750) Tool: armlink [4d35ed]

==============================================================================

Section Cross References

    startup_stm32l431xx.o(STACK) refers (Special) to heapauxi.o(.text) for __use_two_region_memory
    startup_stm32l431xx.o(HEAP) refers (Special) to heapauxi.o(.text) for __use_two_region_memory
    startup_stm32l431xx.o(RESET) refers (Special) to heapauxi.o(.text) for __use_two_region_memory
    startup_stm32l431xx.o(RESET) refers to startup_stm32l431xx.o(STACK) for __initial_sp
    startup_stm32l431xx.o(RESET) refers to startup_stm32l431xx.o(.text) for Reset_Handler
    startup_stm32l431xx.o(RESET) refers to stm32l4xx_it.o(i.NMI_Handler) for NMI_Handler
    startup_stm32l431xx.o(RESET) refers to stm32l4xx_it.o(i.HardFault_Handler) for HardFault_Handler
    startup_stm32l431xx.o(RESET) refers to stm32l4xx_it.o(i.MemManage_Handler) for MemManage_Handler
    startup_stm32l431xx.o(RESET) refers to stm32l4xx_it.o(i.BusFault_Handler) for BusFault_Handler
    startup_stm32l431xx.o(RESET) refers to stm32l4xx_it.o(i.UsageFault_Handler) for UsageFault_Handler
    startup_stm32l431xx.o(RESET) refers to stm32l4xx_it.o(i.SVC_Handler) for SVC_Handler
    startup_stm32l431xx.o(RESET) refers to stm32l4xx_it.o(i.DebugMon_Handler) for DebugMon_Handler
    startup_stm32l431xx.o(RESET) refers to stm32l4xx_it.o(i.PendSV_Handler) for PendSV_Handler
    startup_stm32l431xx.o(RESET) refers to stm32l4xx_it.o(i.SysTick_Handler) for SysTick_Handler
    startup_stm32l431xx.o(RESET) refers to stm32l4xx_it.o(i.RTC_WKUP_IRQHandler) for RTC_WKUP_IRQHandler
    startup_stm32l431xx.o(.text) refers (Special) to heapauxi.o(.text) for __use_two_region_memory
    startup_stm32l431xx.o(.text) refers to system_stm32l4xx.o(i.SystemInit) for SystemInit
    startup_stm32l431xx.o(.text) refers to __main.o(!!!main) for __main
    startup_stm32l431xx.o(.text) refers to startup_stm32l431xx.o(HEAP) for Heap_Mem
    startup_stm32l431xx.o(.text) refers to startup_stm32l431xx.o(STACK) for Stack_Mem
    segger_rtt.o(i.SEGGER_RTT_AllocDownBuffer) refers to segger_rtt.o(i._DoInit) for _DoInit
    segger_rtt.o(i.SEGGER_RTT_AllocDownBuffer) refers to segger_rtt.o(.bss) for .bss
    segger_rtt.o(i.SEGGER_RTT_AllocUpBuffer) refers to segger_rtt.o(i._DoInit) for _DoInit
    segger_rtt.o(i.SEGGER_RTT_AllocUpBuffer) refers to segger_rtt.o(.bss) for .bss
    segger_rtt.o(i.SEGGER_RTT_ConfigDownBuffer) refers to segger_rtt.o(i._DoInit) for _DoInit
    segger_rtt.o(i.SEGGER_RTT_ConfigDownBuffer) refers to segger_rtt.o(.bss) for .bss
    segger_rtt.o(i.SEGGER_RTT_ConfigUpBuffer) refers to segger_rtt.o(i._DoInit) for _DoInit
    segger_rtt.o(i.SEGGER_RTT_ConfigUpBuffer) refers to segger_rtt.o(.bss) for .bss
    segger_rtt.o(i.SEGGER_RTT_GetAvailWriteSpace) refers to segger_rtt.o(i._GetAvailWriteSpace) for _GetAvailWriteSpace
    segger_rtt.o(i.SEGGER_RTT_GetAvailWriteSpace) refers to segger_rtt.o(.bss) for .bss
    segger_rtt.o(i.SEGGER_RTT_GetBytesInBuffer) refers to segger_rtt.o(.bss) for .bss
    segger_rtt.o(i.SEGGER_RTT_GetKey) refers to segger_rtt.o(i.SEGGER_RTT_Read) for SEGGER_RTT_Read
    segger_rtt.o(i.SEGGER_RTT_HasData) refers to segger_rtt.o(.bss) for .bss
    segger_rtt.o(i.SEGGER_RTT_HasDataUp) refers to segger_rtt.o(.bss) for .bss
    segger_rtt.o(i.SEGGER_RTT_HasKey) refers to segger_rtt.o(i._DoInit) for _DoInit
    segger_rtt.o(i.SEGGER_RTT_HasKey) refers to segger_rtt.o(.bss) for .bss
    segger_rtt.o(i.SEGGER_RTT_Init) refers to segger_rtt.o(i._DoInit) for _DoInit
    segger_rtt.o(i.SEGGER_RTT_PutChar) refers to segger_rtt.o(i._DoInit) for _DoInit
    segger_rtt.o(i.SEGGER_RTT_PutChar) refers to segger_rtt.o(.bss) for .bss
    segger_rtt.o(i.SEGGER_RTT_PutCharSkip) refers to segger_rtt.o(i._DoInit) for _DoInit
    segger_rtt.o(i.SEGGER_RTT_PutCharSkip) refers to segger_rtt.o(.bss) for .bss
    segger_rtt.o(i.SEGGER_RTT_PutCharSkipNoLock) refers to segger_rtt.o(.bss) for .bss
    segger_rtt.o(i.SEGGER_RTT_Read) refers to segger_rtt.o(i.SEGGER_RTT_ReadNoLock) for SEGGER_RTT_ReadNoLock
    segger_rtt.o(i.SEGGER_RTT_ReadNoLock) refers to segger_rtt.o(i._DoInit) for _DoInit
    segger_rtt.o(i.SEGGER_RTT_ReadNoLock) refers to rt_memcpy_v6.o(.text) for __aeabi_memcpy
    segger_rtt.o(i.SEGGER_RTT_ReadNoLock) refers to segger_rtt.o(.bss) for .bss
    segger_rtt.o(i.SEGGER_RTT_ReadUpBuffer) refers to segger_rtt.o(i.SEGGER_RTT_ReadUpBufferNoLock) for SEGGER_RTT_ReadUpBufferNoLock
    segger_rtt.o(i.SEGGER_RTT_ReadUpBufferNoLock) refers to segger_rtt.o(i._DoInit) for _DoInit
    segger_rtt.o(i.SEGGER_RTT_ReadUpBufferNoLock) refers to rt_memcpy_v6.o(.text) for __aeabi_memcpy
    segger_rtt.o(i.SEGGER_RTT_ReadUpBufferNoLock) refers to segger_rtt.o(.bss) for .bss
    segger_rtt.o(i.SEGGER_RTT_SetFlagsDownBuffer) refers to segger_rtt.o(i._DoInit) for _DoInit
    segger_rtt.o(i.SEGGER_RTT_SetFlagsDownBuffer) refers to segger_rtt.o(.bss) for .bss
[...]
    i.MsgQueuePacketIn                       0x08003d8e   Section        0  gui.o(i.MsgQueuePacketIn)
    i.NMI_Handler                            0x08003dce   Section        0  stm32l4xx_it.o(i.NMI_Handler)
    i.PendSV_Handler                         0x08003dd0   Section        0  stm32l4xx_it.o(i.PendSV_Handler)
    i.RCCEx_PLLSAI1_Config                   0x08003dd4   Section        0  stm32l4xx_hal_rcc_ex.o(i.RCCEx_PLLSAI1_Config)
    RCCEx_PLLSAI1_Config                     0x08003dd5   Thumb Code   278  stm32l4xx_hal_rcc_ex.o(i.RCCEx_PLLSAI1_Config)
    i.RCC_SetFlashLatencyFromMSIRange        0x08003f00   Section        0  stm32l4xx_hal_rcc.o(i.RCC_SetFlashLatencyFromMSIRange)
    RCC_SetFlashLatencyFromMSIRange          0x08003f01   Thumb Code   116  stm32l4xx_hal_rcc.o(i.RCC_SetFlashLatencyFromMSIRange)
    i.RTC_Bcd2ToByte                         0x08003f7c   Section        0  stm32l4xx_hal_rtc.o(i.RTC_Bcd2ToByte)
    i.RTC_EnterInitMode                      0x08003f90   Section        0  stm32l4xx_hal_rtc.o(i.RTC_EnterInitMode)
    i.RTC_ExitInitMode                       0x08003fd8   Section        0  stm32l4xx_hal_rtc.o(i.RTC_ExitInitMode)
    i.RTC_WKUP_IRQHandler                    0x08004030   Section        0  stm32l4xx_it.o(i.RTC_WKUP_IRQHandler)
    i.SEGGER_RTT_Write                       0x0800403c   Section        0  segger_rtt.o(i.SEGGER_RTT_Write)
    i.SEGGER_RTT_WriteNoLock                 0x08004074   Section        0  segger_rtt.o(i.SEGGER_RTT_WriteNoLock)
    i.SEGGER_RTT_printf                      0x080040d0   Section        0  segger_rtt_printf.o(i.SEGGER_RTT_printf)
    i.SEGGER_RTT_vprintf                     0x080040e6   Section        0  segger_rtt_printf.o(i.SEGGER_RTT_vprintf)
    i.SHT20_GetValue                         0x0800427c   Section        0  sht20.o(i.SHT20_GetValue)
    i.SHT20_reset                            0x080042b0   Section        0  sht20.o(i.SHT20_reset)
    i.SHT2x_CalcRH                           0x080042d8   Section        0  sht20.o(i.SHT2x_CalcRH)
    i.SHT2x_CalcTemperatureC                 0x080042f8   Section        0  sht20.o(i.SHT2x_CalcTemperatureC)
    i.SHT2x_CheckCrc                         0x08004334   Section        0  sht20.o(i.SHT2x_CheckCrc)
    i.SHT2x_MeasureHM                        0x08004370   Section        0  sht20.o(i.SHT2x_MeasureHM)
    i.SVC_Handler                            0x080043cc   Section        0  stm32l4xx_it.o(i.SVC_Handler)
    i.StandbyRTCMode_Measure                 0x080043d0   Section        0  main.o(i.StandbyRTCMode_Measure)
    i.StatusBarInit                          0x0800441c   Section        0  statusbar.o(i.StatusBarInit)
    i.SysTick_Handler                        0x08004434   Section        0  stm32l4xx_it.o(i.SysTick_Handler)
    i.SystemClock_Config                     0x08004438   Section        0  main.o(i.SystemClock_Config)
    i.SystemInit                             0x080044bc   Section        0  system_stm32l4xx.o(i.SystemInit)
    i.TIM_Base_SetConfig                     0x080044cc   Section        0  stm32l4xx_hal_tim.o(i.TIM_Base_SetConfig)
    i.UART_AdvFeatureConfig                  0x08004538   Section        0  stm32l4xx_hal_uart.o(i.UART_AdvFeatureConfig)
    i.UART_CheckIdleState                    0x08004600   Section        0  stm32l4xx_hal_uart.o(i.UART_CheckIdleState)
    i.UART_SetConfig                         0x0800465c   Section        0  stm32l4xx_hal_uart.o(i.UART_SetConfig)
    i.UART_WaitOnFlagUntilTimeout            0x0800485c   Section        0  stm32l4xx_hal_uart.o(i.UART_WaitOnFlagUntilTimeout)
    i.UsageFault_Handler                     0x08004922   Section        0  stm32l4xx_it.o(i.UsageFault_Handler)
    i.WinInit                                0x08004924   Section        0  mainwindow.o(i.WinInit)
    i._DoInit                                0x08004954   Section        0  segger_rtt.o(i._DoInit)
    _DoInit                                  0x08004955   Thumb Code    76  segger_rtt.o(i._DoInit)
    i._GetAvailWriteSpace                    0x080049bc   Section        0  segger_rtt.o(i._GetAvailWriteSpace)
    _GetAvailWriteSpace                      0x080049bd   Thumb Code    22  segger_rtt.o(i._GetAvailWriteSpace)
    i._PrintInt                              0x080049d4   Section        0  segger_rtt_printf.o(i._PrintInt)
    _PrintInt                                0x080049d5   Thumb Code   198  segger_rtt_printf.o(i._PrintInt)
    i._PrintUnsigned                         0x08004aa0   Section        0  segger_rtt_printf.o(i._PrintUnsigned)
    _PrintUnsigned                           0x08004aa1   Thumb Code   206  segger_rtt_printf.o(i._PrintUnsigned)
    i._StoreChar                             0x08004b7a   Section        0  segger_rtt_printf.o(i._StoreChar)
    _StoreChar                               0x08004b7b   Thumb Code    62  segger_rtt_printf.o(i._StoreChar)
    i._WriteBlocking                         0x08004bb8   Section        0  segger_rtt.o(i._WriteBlocking)
    _WriteBlocking                           0x08004bb9   Thumb Code    90  segger_rtt.o(i._WriteBlocking)
    i._WriteNoCheck                          0x08004c12   Section        0  segger_rtt.o(i._WriteNoCheck)
    _WriteNoCheck                            0x08004c13   Thumb Code    66  segger_rtt.o(i._WriteNoCheck)
    i.__ARM_fpclassify                       0x08004c54   Section        0  fpclassify.o(i.__ARM_fpclassify)
    i.__NVIC_SetPriority                     0x08004c84   Section        0  stm32l4xx_hal_cortex.o(i.__NVIC_SetPriority)
    __NVIC_SetPriority                       0x08004c85   Thumb Code    32  stm32l4xx_hal_cortex.o(i.__NVIC_SetPriority)
    i._cbMainWindow                          0x08004ca4   Section        0  mainwindow.o(i._cbMainWindow)
    i._cbMenuWindow                          0x08004cf8   Section        0  menuwindow.o(i._cbMenuWindow)
    i._cbStatusBar                           0x08004d6c   Section        0  statusbar.o(i._cbStatusBar)
    i._is_digit                              0x08004dc8   Section        0  __printf_wp.o(i._is_digit)
    i.driver_delay_xms                       0x08004dd6   Section        0  epaper.o(i.driver_delay_xms)
    i.main                                   0x08004df0   Section        0  main.o(i.main)
    i.mainWindowInit                         0x08004ed4   Section        0  mainwindow.o(i.mainWindowInit)
    i.menuWindowInit                         0x08004eec   Section        0  menuwindow.o(i.menuWindowInit)
    i.oled_clear_all                         0x08004f0c   Section        0  oledops.o(i.oled_clear_all)
    i.oled_clear_notitle                     0x08004f0e   Section        0  oledops.o(i.oled_clear_notitle)
    i.oled_clear_window                      0x08004f10   Section        0  oledops.o(i.oled_clear_window)
    i.oled_set_power                         0x08004f12   Section        0  oledops.o(i.oled_set_power)
    i.oled_set_time                          0x08004f14   Section        0  oledops.o(i.oled_set_time)
    i.oled_set_wlstate                       0x08004f16   Section        0  oledops.o(i.oled_set_wlstate)
    i.oled_show_Init                         0x08004f18   Section        0  oledops.o(i.oled_show_Init)
    i.oled_show_low_power                    0x08004f1a   Section        0  oledops.o(i.oled_show_low_power)
    i.oled_show_mainwindow                   0x08004f1c   Section        0  oledops.o(i.oled_show_mainwindow)
    i.oled_show_menu                         0x08004f1e   Section        0  oledops.o(i.oled_show_menu)
    i.oled_show_self_check                   0x08004f20   Section        0  oledops.o(i.oled_show_self_check)
    i.oled_show_welcome                      0x08004f22   Section        0  oledops.o(i.oled_show_welcome)
    locale$$code                             0x08004f24   Section       44  lc_numeric_c.o(locale$$code)
    x$fpl$d2f                                0x08004f50   Section       98  d2f.o(x$fpl$d2f)
    $v0                                      0x08004f50   Number         0  d2f.o(x$fpl$d2f)
    x$fpl$dadd                               0x08004fb4   Section      336  daddsub_clz.o(x$fpl$dadd)
    $v0                                      0x08004fb4   Number         0  daddsub_clz.o(x$fpl$dadd)
    _dadd1                                   0x08004fc5   Thumb Code     0  daddsub_clz.o(x$fpl$dadd)
    x$fpl$dfltu                              0x08005104   Section       38  dflt_clz.o(x$fpl$dfltu)
    $v0                                      0x08005104   Number         0  dflt_clz.o(x$fpl$dfltu)
    x$fpl$dmul                               0x0800512c   Section      340  dmul.o(x$fpl$dmul)
    $v0                                      0x0800512c   Number         0  dmul.o(x$fpl$dmul)
    x$fpl$dnaninf                            0x08005280   Section      156  dnaninf.o(x$fpl$dnaninf)
    $v0                                      0x08005280   Number         0  dnaninf.o(x$fpl$dnaninf)
    x$fpl$dretinf                            0x0800531c   Section       12  dretinf.o(x$fpl$dretinf)
    $v0                                      0x0800531c   Number         0  dretinf.o(x$fpl$dretinf)
    x$fpl$dsub                               0x08005328   Section      468  daddsub_clz.o(x$fpl$dsub)
    $v0                                      0x08005328   Number         0  daddsub_clz.o(x$fpl$dsub)
    _dsub1                                   0x08005339   Thumb Code     0  daddsub_clz.o(x$fpl$dsub)
    x$fpl$f2d                                0x080054fc   Section       86  f2d.o(x$fpl$f2d)
    $v0                                      0x080054fc   Number         0  f2d.o(x$fpl$f2d)
    x$fpl$fnaninf                            0x08005552   Section      140  fnaninf.o(x$fpl$fnaninf)
    $v0                                      0x08005552   Number         0  fnaninf.o(x$fpl$fnaninf)
    x$fpl$fpinit                             0x080055de   Section       10  fpinit.o(x$fpl$fpinit)
    $v0                                      0x080055de   Number         0  fpinit.o(x$fpl$fpinit)
    x$fpl$fretinf                            0x080055e8   Section       10  fretinf.o(x$fpl$fretinf)
    $v0                                      0x080055e8   Number         0  fretinf.o(x$fpl$fretinf)
    x$fpl$printf1                            0x080055f2   Section        4  printf1.o(x$fpl$printf1)
    $v0                                      0x080055f2   Number         0  printf1.o(x$fpl$printf1)
    .constdata                               0x080055f6   Section       16  segger_rtt_printf.o(.constdata)
    x$fpl$usenofp                            0x080055f6   Section        0  usenofp.o(x$fpl$usenofp)
    _aV2C                                    0x080055f6   Data          16  segger_rtt_printf.o(.constdata)
    .constdata                               0x08005608   Section       64  system_stm32l4xx.o(.constdata)
    .constdata                               0x08005648   Section        8  system_stm32l4xx.o(.constdata)
    .constdata                               0x08005650   Section      148  bigflt0.o(.constdata)
    tenpwrs_x                                0x08005650   Data          60  bigflt0.o(.constdata)
    tenpwrs_i                                0x0800568c   Data          64  bigflt0.o(.constdata)
    locale$$data                             0x08005704   Section       28  lc_numeric_c.o(locale$$data)
    __lcnum_c_name                           0x08005708   Data           2  lc_numeric_c.o(locale$$data)
    __lcnum_c_start                          0x08005710   Data           0  lc_numeric_c.o(locale$$data)
    __lcnum_c_point                          0x0800571c   Data           0  lc_numeric_c.o(locale$$data)
    __lcnum_c_thousands                      0x0800571e   Data           0  lc_numeric_c.o(locale$$data)
    __lcnum_c_grouping                       0x0800571f   Data           0  lc_numeric_c.o(locale$$data)
    __lcnum_c_end                            0x08005720   Data           0  lc_numeric_c.o(locale$$data)
    .data                                    0x20000000   Section        4  main.o(.data)
    .data                                    0x20000004   Section       12  stm32l4xx_hal.o(.data)
    .data                                    0x20000010   Section        4  system_stm32l4xx.o(.data)
    .data                                    0x20000014   Section        8  sht20.o(.data)
    .data                                    0x2000001c   Section       52  display.o(.data)
    .data                                    0x20000050   Section        8  gui.o(.data)
    winNumCur                                0x20000054   Data           4  gui.o(.data)
    .data                                    0x20000058   Section        4  mainwindow.o(.data)
    .data                                    0x2000005c   Section        8  menuwindow.o(.data)
    selState                                 0x2000005c   Data           1  menuwindow.o(.data)
    .data                                    0x20000064   Section        8  statusbar.o(.data)
    .bss                                     0x2000006c   Section     2184  segger_rtt.o(.bss)
    _acUpBuffer                              0x200000e4   Data        2048  segger_rtt.o(.bss)
    _acDownBuffer                            0x200008e4   Data          16  segger_rtt.o(.bss)
    .bss                                     0x200008f4   Section       20  main.o(.bss)
    .bss                                     0x20000908   Section      100  adc.o(.bss)
    .bss                                     0x2000096c   Section       76  i2c.o(.bss)
    .bss                                     0x200009b8   Section       36  rtc.o(.bss)
    .bss                                     0x200009dc   Section      100  spi.o(.bss)
    .bss                                     0x20000a40   Section       76  tim.o(.bss)
    .bss                                     0x20000a8c   Section      132  usart.o(.bss)
    .bss                                     0x20000b10   Section      976  gui.o(.bss)
    .bss                                     0x20000ee0   Section       96  libspace.o(.bss)
    HEAP                                     0x20000f40   Section     4096  startup_stm32l431xx.o(HEAP)
    Heap_Mem                                 0x20000f40   Data        4096  startup_stm32l431xx.o(HEAP)
    STACK                                    0x20001f40   Section     4096  startup_stm32l431xx.o(STACK)
    Stack_Mem                                0x20001f40   Data        4096  startup_stm32l431xx.o(STACK)
    __initial_sp                             0x20002f40   Data           0  startup_stm32l431xx.o(STACK)

    Global Symbols

    Symbol Name                              Value     Ov Type        Size  Object(Section)

    BuildAttributes$$THM_ISAv4$E$P$D$K$B$S$7EM$VFPi3$EXTD16$VFPS$VFMA$PE$A:L22UL41UL21$X:L11$S22US41US21$IEEE1$IW$USESV6$~STKCKD$USESV7$~SHL$OTIME$ROPI$IEEEJ$EBA8$UX$STANDARDLIB$REQ8$PRES8$EABIv2 0x00000000   Number         0  anon$$obj.o ABSOLUTE
    __ARM_use_no_argv                        0x00000000   Number         0  main.o ABSOLUTE
    _printf_flags                            0x00000000   Number         0  printf_stubs.o ABSOLUTE
    _printf_return_value                     0x00000000   Number         0  printf_stubs.o ABSOLUTE
    _printf_sizespec                         0x00000000   Number         0  printf_stubs.o ABSOLUTE
    _printf_widthprec                        0x00000000   Number         0  printf_stubs.o ABSOLUTE
    __ARM_exceptions_init                     - Undefined Weak Reference
    __alloca_initialize                       - Undefined Weak Reference
    __arm_preinit_                            - Undefined Weak Reference
    __cpp_initialize__aeabi_                  - Undefined Weak Reference
    __cxa_finalize                            - Undefined Weak Reference
    __sigvec_lookup                           - Undefined Weak Reference
    _atexit_init                              - Undefined Weak Reference
    _call_atexit_fns                          - Undefined Weak Reference
    _clock_init                               - Undefined Weak Reference
    _fp_trap_init                             - Undefined Weak Reference
    _fp_trap_shutdown                         - Undefined Weak Reference
    _get_lc_collate                           - Undefined Weak Reference
    _get_lc_ctype                             - Undefined Weak Reference
    _get_lc_monetary                          - Undefined Weak Reference
    _get_lc_time                              - Undefined Weak Reference
    _getenv_init                              - Undefined Weak Reference
    _handle_redirection                       - Undefined Weak Reference
    _init_alloc                               - Undefined Weak Reference
    _init_user_alloc                          - Undefined Weak Reference
    _initio                                   - Undefined Weak Reference
    _printf_post_padding                      - Undefined Weak Reference
    _printf_pre_padding                       - Undefined Weak Reference
    _rand_init                                - Undefined Weak Reference
    _signal_finish                            - Undefined Weak Reference
    _signal_init                              - Undefined Weak Reference
    _terminate_alloc                          - Undefined Weak Reference
    _terminate_user_alloc                     - Undefined Weak Reference
    _terminateio                              - Undefined Weak Reference
    __Vectors_Size                           0x0000018c   Number         0  startup_stm32l431xx.o ABSOLUTE
    __Vectors                                0x08000000   Data           4  startup_stm32l431xx.o(RESET)
    __Vectors_End                            0x0800018c   Data           0  startup_stm32l431xx.o(RESET)
    __main                                   0x0800018d   Thumb Code     8  __main.o(!!!main)
    __scatterload                            0x08000195   Thumb Code     0  __scatter.o(!!!scatter)
    __scatterload_rt2                        0x08000195   Thumb Code    44  __scatter.o(!!!scatter)
    __scatterload_rt2_thumb_only             0x08000195   Thumb Code     0  __scatter.o(!!!scatter)
    __scatterload_null                       0x080001a3   Thumb Code     0  __scatter.o(!!!scatter)
    __scatterload_copy                       0x080001c9   Thumb Code    26  __scatter_copy.o(!!handler_copy)
    __scatterload_zeroinit                   0x080001e5   Thumb Code    28  __scatter_zi.o(!!handler_zi)
    _printf_f                                0x08000201   Thumb Code     0  _printf_f.o(.ARM.Collect$$_printf_percent$$00000003)
    _printf_percent                          0x08000201   Thumb Code     0  _printf_percent.o(.ARM.Collect$$_printf_percent$$00000000)
    _printf_percent_end                      0x08000207   Thumb Code     0  _printf_percent_end.o(.ARM.Collect$$_printf_percent$$00000017)
    __rt_lib_init                            0x0800020b   Thumb Code     0  libinit.o(.ARM.Collect$$libinit$$00000000)
    __rt_lib_init_fp_1                       0x0800020d   Thumb Code     0  libinit2.o(.ARM.Collect$$libinit$$00000001)
    __rt_lib_init_heap_1                     0x08000211   Thumb Code     0  libinit2.o(.ARM.Collect$$libinit$$0000000A)
    __rt_lib_init_lc_common                  0x08000211   Thumb Code     0  libinit2.o(.ARM.Collect$$libinit$$0000000F)
    __rt_lib_init_preinit_1                  0x08000211   Thumb Code     0  libinit2.o(.ARM.Collect$$libinit$$00000004)
    __rt_lib_init_rand_1                     0x08000211   Thumb Code     0  libinit2.o(.ARM.Collect$$libinit$$0000000E)
    __rt_lib_init_user_alloc_1               0x08000211   Thumb Code     0  libinit2.o(.ARM.Collect$$libinit$$0000000C)
    __rt_lib_init_lc_collate_1               0x08000217   Thumb Code     0  libinit2.o(.ARM.Collect$$libinit$$00000011)
    __rt_lib_init_lc_ctype_1                 0x08000217   Thumb Code     0  libinit2.o(.ARM.Collect$$libinit$$00000013)
    __rt_lib_init_lc_monetary_1              0x08000217   Thumb Code     0  libinit2.o(.ARM.Collect$$libinit$$00000015)
    __rt_lib_init_lc_numeric_2               0x08000217   Thumb Code     0  libinit2.o(.ARM.Collect$$libinit$$00000016)
    __rt_lib_init_alloca_1                   0x08000221   Thumb Code     0  libinit2.o(.ARM.Collect$$libinit$$0000002E)
    __rt_lib_init_argv_1                     0x08000221   Thumb Code     0  libinit2.o(.ARM.Collect$$libinit$$0000002C)
    __rt_lib_init_atexit_1                   0x08000221   Thumb Code     0  libinit2.o(.ARM.Collect$$libinit$$0000001B)
    __rt_lib_init_clock_1                    0x08000221   Thumb Code     0  libinit2.o(.ARM.Collect$$libinit$$00000021)
    __rt_lib_init_cpp_1                      0x08000221   Thumb Code     0  libinit2.o(.ARM.Collect$$libinit$$00000032)
    __rt_lib_init_exceptions_1               0x08000221   Thumb Code     0  libinit2.o(.ARM.Collect$$libinit$$00000030)
    __rt_lib_init_fp_trap_1                  0x08000221   Thumb Code     0  libinit2.o(.ARM.Collect$$libinit$$0000001F)
    __rt_lib_init_getenv_1                   0x08000221   Thumb Code     0  libinit2.o(.ARM.Collect$$libinit$$00000023)
    __rt_lib_init_lc_numeric_1               0x08000221   Thumb Code     0  libinit2.o(.ARM.Collect$$libinit$$00000017)
    __rt_lib_init_lc_time_1                  0x08000221   Thumb Code     0  libinit2.o(.ARM.Collect$$libinit$$00000019)
    __rt_lib_init_return                     0x08000221   Thumb Code     0  libinit2.o(.ARM.Collect$$libinit$$00000033)
    __rt_lib_init_signal_1                   0x08000221   Thumb Code     0  libinit2.o(.ARM.Collect$$libinit$$0000001D)
    __rt_lib_init_stdio_1                    0x08000221   Thumb Code     0  libinit2.o(.ARM.Collect$$libinit$$00000025)
    __rt_lib_shutdown                        0x08000223   Thumb Code     0  libshutdown.o(.ARM.Collect$$libshutdown$$00000000)
    __rt_lib_shutdown_cpp_1                  0x08000225   Thumb Code     0  libshutdown2.o(.ARM.Collect$$libshutdown$$00000002)
    __rt_lib_shutdown_fp_trap_1              0x08000225   Thumb Code     0  libshutdown2.o(.ARM.Collect$$libshutdown$$00000007)
    __rt_lib_shutdown_heap_1                 0x08000225   Thumb Code     0  libshutdown2.o(.ARM.Collect$$libshutdown$$0000000F)
    __rt_lib_shutdown_return                 0x08000225   Thumb Code     0  libshutdown2.o(.ARM.Collect$$libshutdown$$00000010)
    __rt_lib_shutdown_signal_1               0x08000225   Thumb Code     0  libshutdown2.o(.ARM.Collect$$libshutdown$$0000000A)
    __rt_lib_shutdown_stdio_1                0x08000225   Thumb Code     0  libshutdown2.o(.ARM.Collect$$libshutdown$$00000004)
    __rt_lib_shutdown_user_alloc_1           0x08000225   Thumb Code     0  libshutdown2.o(.ARM.Collect$$libshutdown$$0000000C)
    __rt_entry                               0x08000227   Thumb Code     0  __rtentry.o(.ARM.Collect$$rtentry$$00000000)
    __rt_entry_presh_1                       0x08000227   Thumb Code     0  __rtentry2.o(.ARM.Collect$$rtentry$$00000002)
    __rt_entry_sh                            0x08000227   Thumb Code     0  __rtentry4.o(.ARM.Collect$$rtentry$$00000004)
    __rt_entry_li                            0x0800022d   Thumb Code     0  __rtentry2.o(.ARM.Collect$$rtentry$$0000000A)
    __rt_entry_postsh_1                      0x0800022d   Thumb Code     0  __rtentry2.o(.ARM.Collect$$rtentry$$00000009)
    __rt_entry_main                          0x08000231   Thumb Code     0  __rtentry2.o(.ARM.Collect$$rtentry$$0000000D)
    __rt_entry_postli_1                      0x08000231   Thumb Code     0  __rtentry2.o(.ARM.Collect$$rtentry$$0000000C)
    __rt_exit                                0x08000239   Thumb Code     0  rtexit.o(.ARM.Collect$$rtexit$$00000000)
    __rt_exit_ls                             0x0800023b   Thumb Code     0  rtexit2.o(.ARM.Collect$$rtexit$$00000003)
    __rt_exit_prels_1                        0x0800023b   Thumb Code     0  rtexit2.o(.ARM.Collect$$rtexit$$00000002)
    __rt_exit_exit                           0x0800023f   Thumb Code     0  rtexit2.o(.ARM.Collect$$rtexit$$00000004)
    Reset_Handler                            0x08000245   Thumb Code     8  startup_stm32l431xx.o(.text)
    ADC1_IRQHandler                          0x0800025f   Thumb Code     0  startup_stm32l431xx.o(.text)
    CAN1_RX0_IRQHandler                      0x0800025f   Thumb Code     0  startup_stm32l431xx.o(.text)
    CAN1_RX1_IRQHandler                      0x0800025f   Thumb Code     0  startup_stm32l431xx.o(.text)
    CAN1_SCE_IRQHandler                      0x0800025f   Thumb Code     0  startup_stm32l431xx.o(.text)
    CAN1_TX_IRQHandler                       0x0800025f   Thumb Code     0  startup_stm32l431xx.o(.text)
    COMP_IRQHandler                          0x0800025f   Thumb Code     0  startup_stm32l431xx.o(.text)
    CRS_IRQHandler                           0x0800025f   Thumb Code     0  startup_stm32l431xx.o(.text)
    DMA1_Channel1_IRQHandler                 0x0800025f   Thumb Code     0  startup_stm32l431xx.o(.text)
    DMA1_Channel2_IRQHandler                 0x0800025f   Thumb Code     0  startup_stm32l431xx.o(.text)
    DMA1_Channel3_IRQHandler                 0x0800025f   Thumb Code     0  startup_stm32l431xx.o(.text)
    DMA1_Channel4_IRQHandler                 0x0800025f   Thumb Code     0  startup_stm32l431xx.o(.text)
    DMA1_Channel5_IRQHandler                 0x0800025f   Thumb Code     0  startup_stm32l431xx.o(.text)
    DMA1_Channel6_IRQHandler                 0x0800025f   Thumb Code     0  startup_stm32l431xx.o(.text)
    DMA1_Channel7_IRQHandler                 0x0800025f   Thumb Code     0  startup_stm32l431xx.o(.text)
    DMA2_Channel1_IRQHandler                 0x0800025f   Thumb Code     0  startup_stm32l431xx.o(.text)
    DMA2_Channel2_IRQHandler                 0x0800025f   Thumb Code     0  startup_stm32l431xx.o(.text)
    DMA2_Channel3_IRQHandler                 0x0800025f   Thumb Code     0  startup_stm32l431xx.o(.text)
    DMA2_Channel4_IRQHandler                 0x0800025f   Thumb Code     0  startup_stm32l431xx.o(.text)
    DMA2_Channel5_IRQHandler                 0x0800025f   Thumb Code     0  startup_stm32l431xx.o(.text)
    DMA2_Channel6_IRQHandler                 0x0800025f   Thumb Code     0  startup_stm32l431xx.o(.text)
    DMA2_Channel7_IRQHandler                 0x0800025f   Thumb Code     0  startup_stm32l431xx.o(.text)
    EXTI0_IRQHandler                         0x0800025f   Thumb Code     0  startup_stm32l431xx.o(.text)
    EXTI15_10_IRQHandler                     0x0800025f   Thumb Code     0  startup_stm32l431xx.o(.text)
    EXTI1_IRQHandler                         0x0800025f   Thumb Code     0  startup_stm32l431xx.o(.text)
    EXTI2_IRQHandler                         0x0800025f   Thumb Code     0  startup_stm32l431xx.o(.text)
    EXTI3_IRQHandler                         0x0800025f   Thumb Code     0  startup_stm32l431xx.o(.text)
    EXTI4_IRQHandler                         0x0800025f   Thumb Code     0  startup_stm32l431xx.o(.text)
    EXTI9_5_IRQHandler                       0x0800025f   Thumb Code     0  startup_stm32l431xx.o(.text)
    FLASH_IRQHandler                         0x0800025f   Thumb Code     0  startup_stm32l431xx.o(.text)
    FPU_IRQHandler                           0x0800025f   Thumb Code     0  startup_stm32l431xx.o(.text)
    I2C1_ER_IRQHandler                       0x0800025f   Thumb Code     0  startup_stm32l431xx.o(.text)
    I2C1_EV_IRQHandler                       0x0800025f   Thumb Code     0  startup_stm32l431xx.o(.text)
    I2C2_ER_IRQHandler                       0x0800025f   Thumb Code     0  startup_stm32l431xx.o(.text)
    I2C2_EV_IRQHandler                       0x0800025f   Thumb Code     0  startup_stm32l431xx.o(.text)
    I2C3_ER_IRQHandler                       0x0800025f   Thumb Code     0  startup_stm32l431xx.o(.text)
    I2C3_EV_IRQHandler                       0x0800025f   Thumb Code     0  startup_stm32l431xx.o(.text)
    LPTIM1_IRQHandler                        0x0800025f   Thumb Code     0  startup_stm32l431xx.o(.text)
    LPTIM2_IRQHandler                        0x0800025f   Thumb Code     0  startup_stm32l431xx.o(.text)
    LPUART1_IRQHandler                       0x0800025f   Thumb Code     0  startup_stm32l431xx.o(.text)
    PVD_PVM_IRQHandler                       0x0800025f   Thumb Code     0  startup_stm32l431xx.o(.text)
    QUADSPI_IRQHandler                       0x0800025f   Thumb Code     0  startup_stm32l431xx.o(.text)
    RCC_IRQHandler                           0x0800025f   Thumb Code     0  startup_stm32l431xx.o(.text)
    RNG_IRQHandler                           0x0800025f   Thumb Code     0  startup_stm32l431xx.o(.text)
    RTC_Alarm_IRQHandler                     0x0800025f   Thumb Code     0  startup_stm32l431xx.o(.text)
    SAI1_IRQHandler                          0x0800025f   Thumb Code     0  startup_stm32l431xx.o(.text)
    SDMMC1_IRQHandler                        0x0800025f   Thumb Code     0  startup_stm32l431xx.o(.text)
    SPI1_IRQHandler                          0x0800025f   Thumb Code     0  startup_stm32l431xx.o(.text)
    SPI2_IRQHandler                          0x0800025f   Thumb Code     0  startup_stm32l431xx.o(.text)
    SPI3_IRQHandler                          0x0800025f   Thumb Code     0  startup_stm32l431xx.o(.text)
    SWPMI1_IRQHandler                        0x0800025f   Thumb Code     0  startup_stm32l431xx.o(.text)
    TAMP_STAMP_IRQHandler                    0x0800025f   Thumb Code     0  startup_stm32l431xx.o(.text)
    TIM1_BRK_TIM15_IRQHandler                0x0800025f   Thumb Code     0  startup_stm32l431xx.o(.text)
    TIM1_CC_IRQHandler                       0x0800025f   Thumb Code     0  startup_stm32l431xx.o(.text)
    TIM1_TRG_COM_IRQHandler                  0x0800025f   Thumb Code     0  startup_stm32l431xx.o(.text)
    TIM1_UP_TIM16_IRQHandler                 0x0800025f   Thumb Code     0  startup_stm32l431xx.o(.text)
    TIM2_IRQHandler                          0x0800025f   Thumb Code     0  startup_stm32l431xx.o(.text)
    TIM6_DAC_IRQHandler                      0x0800025f   Thumb Code     0  startup_stm32l431xx.o(.text)
    TIM7_IRQHandler                          0x0800025f   Thumb Code     0  startup_stm32l431xx.o(.text)
    TSC_IRQHandler                           0x0800025f   Thumb Code     0  startup_stm32l431xx.o(.text)
    USART1_IRQHandler                        0x0800025f   Thumb Code     0  startup_stm32l431xx.o(.text)
    USART2_IRQHandler                        0x0800025f   Thumb Code     0  startup_stm32l431xx.o(.text)
    USART3_IRQHandler                        0x0800025f   Thumb Code     0  startup_stm32l431xx.o(.text)
    WWDG_IRQHandler                          0x0800025f   Thumb Code     0  startup_stm32l431xx.o(.text)
    __user_initial_stackheap                 0x08000261   Thumb Code     0  startup_stm32l431xx.o(.text)
    __aeabi_uldivmod                         0x08000285   Thumb Code     0  lludivv7m.o(.text)
    _ll_udiv                                 0x08000285   Thumb Code   238  lludivv7m.o(.text)
    __2sprintf                               0x08000375   Thumb Code    34  noretval__2sprintf.o(.text)
    __printf                                 0x0800039d   Thumb Code   270  __printf_wp.o(.text)
    strcpy                                   0x080004ab   Thumb Code    72  strcpy.o(.text)
    __aeabi_memcpy                           0x080004f3   Thumb Code     0  rt_memcpy_v6.o(.text)
    __rt_memcpy                              0x080004f3   Thumb Code   138  rt_memcpy_v6.o(.text)
    _memcpy_lastbytes                        0x08000559   Thumb Code     0  rt_memcpy_v6.o(.text)
    __aeabi_memclr4                          0x0800057d   Thumb Code     0  rt_memclr_w.o(.text)
    __aeabi_memclr8                          0x0800057d   Thumb Code     0  rt_memclr_w.o(.text)
    __rt_memclr_w                            0x0800057d   Thumb Code    78  rt_memclr_w.o(.text)
    _memset_w                                0x08000581   Thumb Code     0  rt_memclr_w.o(.text)
    __use_two_region_memory                  0x080005cb   Thumb Code     2  heapauxi.o(.text)
    __rt_heap_escrow$2region                 0x080005cd   Thumb Code     2  heapauxi.o(.text)
    __rt_heap_expand$2region                 0x080005cf   Thumb Code     2  heapauxi.o(.text)
    __lib_sel_fp_printf                      0x080005d1   Thumb Code     2  _printf_fp_dec.o(.text)
    _printf_fp_dec_real                      0x08000783   Thumb Code   620  _printf_fp_dec.o(.text)
    _printf_char_common                      0x080009ff   Thumb Code    32  _printf_char_common.o(.text)
    _sputc                                   0x08000a25   Thumb Code    10  _sputc.o(.text)
    __aeabi_memcpy4                          0x08000a2f   Thumb Code     0  rt_memcpy_w.o(.text)
    __aeabi_memcpy8                          0x08000a2f   Thumb Code     0  rt_memcpy_w.o(.text)
    __rt_memcpy_w                            0x08000a2f   Thumb Code   100  rt_memcpy_w.o(.text)
    _memcpy_lastbytes_aligned                0x08000a77   Thumb Code     0  rt_memcpy_w.o(.text)
    __rt_locale                              0x08000a95   Thumb Code     8  rt_locale_intlibspace.o(.text)
    _ll_udiv10                               0x08000a9d   Thumb Code   138  lludiv10.o(.text)
    _printf_fp_infnan                        0x08000b29   Thumb Code   112  _printf_fp_infnan.o(.text)
    _btod_etento                             0x08000ba9   Thumb Code   224  bigflt0.o(.text)
    __user_libspace                          0x08000c8d   Thumb Code     8  libspace.o(.text)
    __user_perproc_libspace                  0x08000c8d   Thumb Code     0  libspace.o(.text)
    __user_perthread_libspace                0x08000c8d   Thumb Code     0  libspace.o(.text)
    __user_setup_stackheap                   0x08000c95   Thumb Code    74  sys_stackheap_outer.o(.text)
    exit                                     0x08000cdf   Thumb Code    18  exit.o(.text)
    strcmp                                   0x08000cf1   Thumb Code   128  strcmpv7m.o(.text)
    _sys_exit                                0x08000d71   Thumb Code     8  sys_exit.o(.text)
    __I$use$semihosting                      0x08000d7d   Thumb Code     0  use_no_semi.o(.text)
    __use_no_semihosting_swi                 0x08000d7d   Thumb Code     2  use_no_semi.o(.text)
    __semihosting_library_function           0x08000d7f   Thumb Code     0  indicate_semi.o(.text)
    _btod_d2e                                0x08000d7f   Thumb Code    62  btod.o(CL$$btod_d2e)
    _d2e_denorm_low                          0x08000dbd   Thumb Code    70  btod.o(CL$$btod_d2e_denorm_low)
    _d2e_norm_op1                            0x08000e03   Thumb Code    96  btod.o(CL$$btod_d2e_norm_op1)
    __btod_div_common                        0x08000e63   Thumb Code   696  btod.o(CL$$btod_div_common)
    _e2e                                     0x0800119b   Thumb Code   220  btod.o(CL$$btod_e2e)
    _btod_ediv                               0x08001277   Thumb Code    42  btod.o(CL$$btod_ediv)
    _btod_emul                               0x080012a1   Thumb Code    42  btod.o(CL$$btod_emul)
    __btod_mult_common                       0x080012cb   Thumb Code   580  btod.o(CL$$btod_mult_common)
    BusFault_Handler                         0x0800150f   Thumb Code     2  stm32l4xx_it.o(i.BusFault_Handler)
    DebugMon_Handler                         0x08001511   Thumb Code     2  stm32l4xx_it.o(i.DebugMon_Handler)
    EPD_HW_Init                              0x08001515   Thumb Code   218  epaper.o(i.EPD_HW_Init)
    Epaper_READBUSY                          0x080015f5   Thumb Code    18  epaper.o(i.Epaper_READBUSY)
    Epaper_Spi_WriteByte                     0x0800160d   Thumb Code    84  epaper.o(i.Epaper_Spi_WriteByte)
    Epaper_Write_Command                     0x08001661   Thumb Code    58  epaper.o(i.Epaper_Write_Command)
    Epaper_Write_Data                        0x080016a1   Thumb Code    58  epaper.o(i.Epaper_Write_Data)
    Error_Handler                            0x080016e1   Thumb Code    18  main.o(i.Error_Handler)
    GUI_CreatWindow                          0x08001705   Thumb Code   102  gui.o(i.GUI_CreatWindow)
    GUI_HideWindow                           0x08001779   Thumb Code    28  gui.o(i.GUI_HideWindow)
    GUI_SetFocus                             0x08001799   Thumb Code    28  gui.o(i.GUI_SetFocus)
    GUI_ShowWindow                           0x080017b9   Thumb Code    28  gui.o(i.GUI_ShowWindow)
    HAL_ADC_ConfigChannel                    0x080017d9   Thumb Code   960  stm32l4xx_hal_adc.o(i.HAL_ADC_ConfigChannel)
    HAL_ADC_Init                             0x08001bcd   Thumb Code   400  stm32l4xx_hal_adc.o(i.HAL_ADC_Init)
    HAL_ADC_MspInit                          0x08001d7d   Thumb Code   134  adc.o(i.HAL_ADC_MspInit)
    HAL_Delay                                0x08001e0d   Thumb Code    32  stm32l4xx_hal.o(i.HAL_Delay)
    HAL_GPIO_Init                            0x08001e31   Thumb Code   434  stm32l4xx_hal_gpio.o(i.HAL_GPIO_Init)
    HAL_GPIO_ReadPin                         0x08002007   Thumb Code    10  stm32l4xx_hal_gpio.o(i.HAL_GPIO_ReadPin)
    HAL_GPIO_WritePin                        0x08002011   Thumb Code    10  stm32l4xx_hal_gpio.o(i.HAL_GPIO_WritePin)
    HAL_GetTick                              0x0800201d   Thumb Code     6  stm32l4xx_hal.o(i.HAL_GetTick)
    HAL_I2CEx_ConfigAnalogFilter             0x08002029   Thumb Code    86  stm32l4xx_hal_i2c_ex.o(i.HAL_I2CEx_ConfigAnalogFilter)
    HAL_I2CEx_ConfigDigitalFilter            0x0800207f   Thumb Code    82  stm32l4xx_hal_i2c_ex.o(i.HAL_I2CEx_ConfigDigitalFilter)
    HAL_I2C_Init                             0x080020d1   Thumb Code   178  stm32l4xx_hal_i2c.o(i.HAL_I2C_Init)
    HAL_I2C_Mem_Read                         0x08002189   Thumb Code   346  stm32l4xx_hal_i2c.o(i.HAL_I2C_Mem_Read)
    HAL_I2C_Mem_Write                        0x080022f5   Thumb Code   340  stm32l4xx_hal_i2c.o(i.HAL_I2C_Mem_Write)
    HAL_I2C_MspInit                          0x08002455   Thumb Code   114  i2c.o(i.HAL_I2C_MspInit)
    HAL_IncTick                              0x080024d5   Thumb Code    12  stm32l4xx_hal.o(i.HAL_IncTick)
    HAL_Init                                 0x080024e5   Thumb Code    30  stm32l4xx_hal.o(i.HAL_Init)
    HAL_InitTick                             0x08002505   Thumb Code    58  stm32l4xx_hal.o(i.HAL_InitTick)
    HAL_MspInit                              0x08002549   Thumb Code    38  stm32l4xx_hal_msp.o(i.HAL_MspInit)
    HAL_NVIC_EnableIRQ                       0x08002575   Thumb Code    26  stm32l4xx_hal_cortex.o(i.HAL_NVIC_EnableIRQ)
    HAL_NVIC_SetPriority                     0x08002591   Thumb Code    60  stm32l4xx_hal_cortex.o(i.HAL_NVIC_SetPriority)
    HAL_NVIC_SetPriorityGrouping             0x080025d1   Thumb Code    26  stm32l4xx_hal_cortex.o(i.HAL_NVIC_SetPriorityGrouping)
    HAL_PWREx_ControlVoltageScaling          0x080025f5   Thumb Code    90  stm32l4xx_hal_pwr_ex.o(i.HAL_PWREx_ControlVoltageScaling)
    HAL_PWREx_GetVoltageRange                0x0800265d   Thumb Code    10  stm32l4xx_hal_pwr_ex.o(i.HAL_PWREx_GetVoltageRange)
    HAL_PWR_DisableWakeUpPin                 0x0800266d   Thumb Code    14  stm32l4xx_hal_pwr.o(i.HAL_PWR_DisableWakeUpPin)
    HAL_PWR_EnableBkUpAccess                 0x08002681   Thumb Code    12  stm32l4xx_hal_pwr.o(i.HAL_PWR_EnableBkUpAccess)
    HAL_PWR_EnableWakeUpPin                  0x08002691   Thumb Code    24  stm32l4xx_hal_pwr.o(i.HAL_PWR_EnableWakeUpPin)
    HAL_PWR_EnterSTANDBYMode                 0x080026ad   Thumb Code    26  stm32l4xx_hal_pwr.o(i.HAL_PWR_EnterSTANDBYMode)
    HAL_RCCEx_PeriphCLKConfig                0x080026d1   Thumb Code   682  stm32l4xx_hal_rcc_ex.o(i.HAL_RCCEx_PeriphCLKConfig)
    HAL_RCC_ClockConfig                      0x0800298d   Thumb Code   266  stm32l4xx_hal_rcc.o(i.HAL_RCC_ClockConfig)
    HAL_RCC_GetPCLK1Freq                     0x08002aad   Thumb Code    24  stm32l4xx_hal_rcc.o(i.HAL_RCC_GetPCLK1Freq)
    HAL_RCC_GetPCLK2Freq                     0x08002ad1   Thumb Code    24  stm32l4xx_hal_rcc.o(i.HAL_RCC_GetPCLK2Freq)
    HAL_RCC_GetSysClockFreq                  0x08002af5   Thumb Code   150  stm32l4xx_hal_rcc.o(i.HAL_RCC_GetSysClockFreq)
    HAL_RCC_OscConfig                        0x08002b99   Thumb Code  1382  stm32l4xx_hal_rcc.o(i.HAL_RCC_OscConfig)
    HAL_RTCEx_DeactivateWakeUpTimer          0x08003105   Thumb Code   138  stm32l4xx_hal_rtc_ex.o(i.HAL_RTCEx_DeactivateWakeUpTimer)
    HAL_RTCEx_SetWakeUpTimer_IT              0x08003191   Thumb Code   216  stm32l4xx_hal_rtc_ex.o(i.HAL_RTCEx_SetWakeUpTimer_IT)
    HAL_RTCEx_WakeUpTimerEventCallback       0x08003273   Thumb Code     2  stm32l4xx_hal_rtc_ex.o(i.HAL_RTCEx_WakeUpTimerEventCallback)
    HAL_RTCEx_WakeUpTimerIRQHandler          0x08003275   Thumb Code    46  stm32l4xx_hal_rtc_ex.o(i.HAL_RTCEx_WakeUpTimerIRQHandler)
    HAL_RTC_GetDate                          0x080032a9   Thumb Code    62  stm32l4xx_hal_rtc.o(i.HAL_RTC_GetDate)
    HAL_RTC_GetTime                          0x080032ed   Thumb Code    78  stm32l4xx_hal_rtc.o(i.HAL_RTC_GetTime)
    HAL_RTC_Init                             0x08003341   Thumb Code   150  stm32l4xx_hal_rtc.o(i.HAL_RTC_Init)
    HAL_RTC_MspInit                          0x080033dd   Thumb Code    76  rtc.o(i.HAL_RTC_MspInit)
    HAL_RTC_WaitForSynchro                   0x08003431   Thumb Code    54  stm32l4xx_hal_rtc.o(i.HAL_RTC_WaitForSynchro)
    HAL_SPI_Init                             0x08003467   Thumb Code   224  stm32l4xx_hal_spi.o(i.HAL_SPI_Init)
    HAL_SPI_MspInit                          0x08003549   Thumb Code    90  spi.o(i.HAL_SPI_MspInit)
    HAL_SYSTICK_Config                       0x080035ad   Thumb Code    40  stm32l4xx_hal_cortex.o(i.HAL_SYSTICK_Config)
    HAL_TIM_Base_Init                        0x080035d5   Thumb Code    98  stm32l4xx_hal_tim.o(i.HAL_TIM_Base_Init)
    HAL_TIM_Base_MspInit                     0x08003639   Thumb Code    30  tim.o(i.HAL_TIM_Base_MspInit)
    HAL_UART_Init                            0x08003661   Thumb Code   102  stm32l4xx_hal_uart.o(i.HAL_UART_Init)
    HAL_UART_MspInit                         0x080036c9   Thumb Code   118  usart.o(i.HAL_UART_MspInit)
    HardFault_Handler                        0x08003749   Thumb Code     2  stm32l4xx_it.o(i.HardFault_Handler)
    MX_ADC1_Init                             0x08003ac5   Thumb Code   106  adc.o(i.MX_ADC1_Init)
    MX_GPIO_Init                             0x08003b3d   Thumb Code   238  gpio.o(i.MX_GPIO_Init)
    MX_I2C1_Init                             0x08003c39   Thumb Code    76  i2c.o(i.MX_I2C1_Init)
    MX_RTC_Init                              0x08003c91   Thumb Code    46  rtc.o(i.MX_RTC_Init)
    MX_SPI1_Init                             0x08003cc9   Thumb Code    70  spi.o(i.MX_SPI1_Init)
    MX_TIM16_Init                            0x08003d19   Thumb Code    48  tim.o(i.MX_TIM16_Init)
    MX_USART1_UART_Init                      0x08003d51   Thumb Code    52  usart.o(i.MX_USART1_UART_Init)
    MemManage_Handler                        0x08003d8d   Thumb Code     2  stm32l4xx_it.o(i.MemManage_Handler)
    MsgQueuePacketIn                         0x08003d8f   Thumb Code    64  gui.o(i.MsgQueuePacketIn)
    NMI_Handler                              0x08003dcf   Thumb Code     2  stm32l4xx_it.o(i.NMI_Handler)
    PendSV_Handler                           0x08003dd1   Thumb Code     2  stm32l4xx_it.o(i.PendSV_Handler)
    RTC_Bcd2ToByte                           0x08003f7d   Thumb Code    18  stm32l4xx_hal_rtc.o(i.RTC_Bcd2ToByte)
    RTC_EnterInitMode                        0x08003f91   Thumb Code    70  stm32l4xx_hal_rtc.o(i.RTC_EnterInitMode)
    RTC_ExitInitMode                         0x08003fd9   Thumb Code    82  stm32l4xx_hal_rtc.o(i.RTC_ExitInitMode)
    RTC_WKUP_IRQHandler                      0x08004031   Thumb Code     6  stm32l4xx_it.o(i.RTC_WKUP_IRQHandler)
    SEGGER_RTT_Write                         0x0800403d   Thumb Code    50  segger_rtt.o(i.SEGGER_RTT_Write)
    SEGGER_RTT_WriteNoLock                   0x08004075   Thumb Code    86  segger_rtt.o(i.SEGGER_RTT_WriteNoLock)
    SEGGER_RTT_printf                        0x080040d1   Thumb Code    22  segger_rtt_printf.o(i.SEGGER_RTT_printf)
    SEGGER_RTT_vprintf                       0x080040e7   Thumb Code   406  segger_rtt_printf.o(i.SEGGER_RTT_vprintf)
    SHT20_GetValue                           0x0800427d   Thumb Code    46  sht20.o(i.SHT20_GetValue)
    SHT20_reset                              0x080042b1   Thumb Code    36  sht20.o(i.SHT20_reset)
    SHT2x_CalcRH                             0x080042d9   Thumb Code    26  sht20.o(i.SHT2x_CalcRH)
    SHT2x_CalcTemperatureC                   0x080042f9   Thumb Code    44  sht20.o(i.SHT2x_CalcTemperatureC)
    SHT2x_CheckCrc                           0x08004335   Thumb Code    60  sht20.o(i.SHT2x_CheckCrc)
    SHT2x_MeasureHM                          0x08004371   Thumb Code    86  sht20.o(i.SHT2x_MeasureHM)
    SVC_Handler                              0x080043cd   Thumb Code     2  stm32l4xx_it.o(i.SVC_Handler)
    StandbyRTCMode_Measure                   0x080043d1   Thumb Code    68  main.o(i.StandbyRTCMode_Measure)
    StatusBarInit                            0x0800441d   Thumb Code    16  statusbar.o(i.StatusBarInit)
    SysTick_Handler                          0x08004435   Thumb Code     4  stm32l4xx_it.o(i.SysTick_Handler)
    SystemClock_Config                       0x08004439   Thumb Code   126  main.o(i.SystemClock_Config)
    SystemInit                               0x080044bd   Thumb Code    12  system_stm32l4xx.o(i.SystemInit)
    TIM_Base_SetConfig                       0x080044cd   Thumb Code    94  stm32l4xx_hal_tim.o(i.TIM_Base_SetConfig)
    UART_AdvFeatureConfig                    0x08004539   Thumb Code   200  stm32l4xx_hal_uart.o(i.UART_AdvFeatureConfig)
    UART_CheckIdleState                      0x08004601   Thumb Code    92  stm32l4xx_hal_uart.o(i.UART_CheckIdleState)
    UART_SetConfig                           0x0800465d   Thumb Code   478  stm32l4xx_hal_uart.o(i.UART_SetConfig)
    UART_WaitOnFlagUntilTimeout              0x0800485d   Thumb Code   198  stm32l4xx_hal_uart.o(i.UART_WaitOnFlagUntilTimeout)
    UsageFault_Handler                       0x08004923   Thumb Code     2  stm32l4xx_it.o(i.UsageFault_Handler)
    WinInit                                  0x08004925   Thumb Code    40  mainwindow.o(i.WinInit)
    __ARM_fpclassify                         0x08004c55   Thumb Code    48  fpclassify.o(i.__ARM_fpclassify)
    _cbMainWindow                            0x08004ca5   Thumb Code    74  mainwindow.o(i._cbMainWindow)
    _cbMenuWindow                            0x08004cf9   Thumb Code   102  menuwindow.o(i._cbMenuWindow)
    _cbStatusBar                             0x08004d6d   Thumb Code    84  statusbar.o(i._cbStatusBar)
    _is_digit                                0x08004dc9   Thumb Code    14  __printf_wp.o(i._is_digit)
    driver_delay_xms                         0x08004dd7   Thumb Code    24  epaper.o(i.driver_delay_xms)
    main                                     0x08004df1   Thumb Code   168  main.o(i.main)
    mainWindowInit                           0x08004ed5   Thumb Code    16  mainwindow.o(i.mainWindowInit)
    menuWindowInit                           0x08004eed   Thumb Code    18  menuwindow.o(i.menuWindowInit)
    oled_clear_all                           0x08004f0d   Thumb Code     2  oledops.o(i.oled_clear_all)
    oled_clear_notitle                       0x08004f0f   Thumb Code     2  oledops.o(i.oled_clear_notitle)
    oled_clear_window                        0x08004f11   Thumb Code     2  oledops.o(i.oled_clear_window)
    oled_set_power                           0x08004f13   Thumb Code     2  oledops.o(i.oled_set_power)
    oled_set_time                            0x08004f15   Thumb Code     2  oledops.o(i.oled_set_time)
    oled_set_wlstate                         0x08004f17   Thumb Code     2  oledops.o(i.oled_set_wlstate)
    oled_show_Init                           0x08004f19   Thumb Code     2  oledops.o(i.oled_show_Init)
    oled_show_low_power                      0x08004f1b   Thumb Code     2  oledops.o(i.oled_show_low_power)
    oled_show_mainwindow                     0x08004f1d   Thumb Code     2  oledops.o(i.oled_show_mainwindow)
    oled_show_menu                           0x08004f1f   Thumb Code     2  oledops.o(i.oled_show_menu)
    oled_show_self_check                     0x08004f21   Thumb Code     2  oledops.o(i.oled_show_self_check)
    oled_show_welcome                        0x08004f23   Thumb Code     2  oledops.o(i.oled_show_welcome)
    _get_lc_numeric                          0x08004f25   Thumb Code    44  lc_numeric_c.o(locale$$code)
    __aeabi_d2f                              0x08004f51   Thumb Code     0  d2f.o(x$fpl$d2f)
    _d2f                                     0x08004f51   Thumb Code    98  d2f.o(x$fpl$d2f)
    __aeabi_dadd                             0x08004fb5   Thumb Code     0  daddsub_clz.o(x$fpl$dadd)
    _dadd                                    0x08004fb5   Thumb Code   332  daddsub_clz.o(x$fpl$dadd)
    __aeabi_ui2d                             0x08005105   Thumb Code     0  dflt_clz.o(x$fpl$dfltu)
    _dfltu                                   0x08005105   Thumb Code    38  dflt_clz.o(x$fpl$dfltu)
    __aeabi_dmul                             0x0800512d   Thumb Code     0  dmul.o(x$fpl$dmul)
    _dmul                                    0x0800512d   Thumb Code   332  dmul.o(x$fpl$dmul)
    __fpl_dnaninf                            0x08005281   Thumb Code   156  dnaninf.o(x$fpl$dnaninf)
    __fpl_dretinf                            0x0800531d   Thumb Code    12  dretinf.o(x$fpl$dretinf)
    __aeabi_dsub                             0x08005329   Thumb Code     0  daddsub_clz.o(x$fpl$dsub)
    _dsub                                    0x08005329   Thumb Code   464  daddsub_clz.o(x$fpl$dsub)
    __aeabi_f2d                              0x080054fd   Thumb Code     0  f2d.o(x$fpl$f2d)
    _f2d                                     0x080054fd   Thumb Code    86  f2d.o(x$fpl$f2d)
    __fpl_fnaninf                            0x08005553   Thumb Code   140  fnaninf.o(x$fpl$fnaninf)
    _fp_init                                 0x080055df   Thumb Code    10  fpinit.o(x$fpl$fpinit)
    __fplib_config_fpu_vfp                   0x080055e7   Thumb Code     0  fpinit.o(x$fpl$fpinit)
    __fplib_config_pureend_doubles           0x080055e7   Thumb Code     0  fpinit.o(x$fpl$fpinit)
    __fpl_fretinf                            0x080055e9   Thumb Code    10  fretinf.o(x$fpl$fretinf)
    _printf_fp_dec                           0x080055f3   Thumb Code     4  printf1.o(x$fpl$printf1)
    __I$use$fp                               0x080055f6   Number         0  usenofp.o(x$fpl$usenofp)
    AHBPrescTable                            0x08005608   Data          16  system_stm32l4xx.o(.constdata)
    MSIRangeTable                            0x08005618   Data          48  system_stm32l4xx.o(.constdata)
    APBPrescTable                            0x08005648   Data           8  system_stm32l4xx.o(.constdata)
    Region$$Table$$Base                      0x080056e4   Number         0  anon$$obj.o(Region$$Table)
    Region$$Table$$Limit                     0x08005704   Number         0  anon$$obj.o(Region$$Table)
    sdatestructure                           0x20000000   Data           4  main.o(.data)
    uwTickFreq                               0x20000004   Data           1  stm32l4xx_hal.o(.data)
    uwTickPrio                               0x20000008   Data           4  stm32l4xx_hal.o(.data)
    uwTick                                   0x2000000c   Data           4  stm32l4xx_hal.o(.data)
    SystemCoreClock                          0x20000010   Data           4  system_stm32l4xx.o(.data)
    sht20_info                               0x20000014   Data           8  sht20.o(.data)
    display_ops                              0x2000001c   Data          52  display.o(.data)
    focusWin                                 0x20000050   Data           4  gui.o(.data)
    hWin_main                                0x20000058   Data           4  mainwindow.o(.data)
    hWin_menu                                0x20000060   Data           4  menuwindow.o(.data)
    batCap                                   0x20000064   Data           1  statusbar.o(.data)
    hWin_status                              0x20000068   Data           4  statusbar.o(.data)
    _SEGGER_RTT                              0x2000006c   Data         120  segger_rtt.o(.bss)
    stimestructure                           0x200008f4   Data          20  main.o(.bss)
    hadc1                                    0x20000908   Data         100  adc.o(.bss)
    hi2c1                                    0x2000096c   Data          76  i2c.o(.bss)
    hrtc                                     0x200009b8   Data          36  rtc.o(.bss)
    hspi1                                    0x200009dc   Data         100  spi.o(.bss)
    htim16                                   0x20000a40   Data          76  tim.o(.bss)
    huart1                                   0x20000a8c   Data         132  usart.o(.bss)
    guiWin                                   0x20000b10   Data         480  gui.o(.bss)
    pMsgQueue                                0x20000cf0   Data          16  gui.o(.bss)
    pMsg                                     0x20000d00   Data         480  gui.o(.bss)
    __libspace_start                         0x20000ee0   Data          96  libspace.o(.bss)
    __temporary_stack_top$libspace           0x20000f40   Data           0  libspace.o(.bss)



==============================================================================

Memory Map of the image

  Image Entry point : 0x0800018d

  Load Region LR_IROM1 (Base: 0x08000000, Size: 0x0000578c, Max: 0x00040000, ABSOLUTE)

    Execution Region ER_IROM1 (Exec base: 0x08000000, Load base: 0x08000000, Size: 0x00005720, Max: 0x00040000, ABSOLUTE)

    Exec Addr    Load Addr    Size         Type   Attr      Idx    E Section Name        Object

    0x08000000   0x08000000   0x0000018c   Data   RO            3    RESET               startup_stm32l431xx.o
    0x0800018c   0x0800018c   0x00000008   Code   RO         6115  * !!!main             c_w.l(__main.o)
    0x08000194   0x08000194   0x00000034   Code   RO         6365    !!!scatter          c_w.l(__scatter.o)
    0x080001c8   0x080001c8   0x0000001a   Code   RO         6367    !!handler_copy      c_w.l(__scatter_copy.o)
    0x080001e2   0x080001e2   0x00000002   PAD
    0x080001e4   0x080001e4   0x0000001c   Code   RO         6369    !!handler_zi        c_w.l(__scatter_zi.o)
    0x08000200   0x08000200   0x00000000   Code   RO         6104    .ARM.Collect$$_printf_percent$$00000000  c_w.l(_printf_percent.o)
    0x08000200   0x08000200   0x00000006   Code   RO         6103    .ARM.Collect$$_printf_percent$$00000003  c_w.l(_printf_f.o)
    0x08000206   0x08000206   0x00000004   Code   RO         6148    .ARM.Collect$$_printf_percent$$00000017  c_w.l(_printf_percent_end.o)
    0x0800020a   0x0800020a   0x00000002   Code   RO         6238    .ARM.Collect$$libinit$$00000000  c_w.l(libinit.o)
    0x0800020c   0x0800020c   0x00000004   Code   RO         6239    .ARM.Collect$$libinit$$00000001  c_w.l(libinit2.o)
    0x08000210   0x08000210   0x00000000   Code   RO         6242    .ARM.Collect$$libinit$$00000004  c_w.l(libinit2.o)
    0x08000210   0x08000210   0x00000000   Code   RO         6245    .ARM.Collect$$libinit$$0000000A  c_w.l(libinit2.o)
    0x08000210   0x08000210   0x00000000   Code   RO         6247    .ARM.Collect$$libinit$$0000000C  c_w.l(libinit2.o)
    0x08000210   0x08000210   0x00000000   Code   RO         6249    .ARM.Collect$$libinit$$0000000E  c_w.l(libinit2.o)
    0x08000210   0x08000210   0x00000006   Code   RO         6250    .ARM.Collect$$libinit$$0000000F  c_w.l(libinit2.o)
    0x08000216   0x08000216   0x00000000   Code   RO         6252    .ARM.Collect$$libinit$$00000011  c_w.l(libinit2.o)
    0x08000216   0x08000216   0x00000000   Code   RO         6254    .ARM.Collect$$libinit$$00000013  c_w.l(libinit2.o)
    0x08000216   0x08000216   0x00000000   Code   RO         6256    .ARM.Collect$$libinit$$00000015  c_w.l(libinit2.o)
    0x08000216   0x08000216   0x0000000a   Code   RO         6257    .ARM.Collect$$libinit$$00000016  c_w.l(libinit2.o)
    0x08000220   0x08000220   0x00000000   Code   RO         6258    .ARM.Collect$$libinit$$00000017  c_w.l(libinit2.o)
    0x08000220   0x08000220   0x00000000   Code   RO         6260    .ARM.Collect$$libinit$$00000019  c_w.l(libinit2.o)
    0x08000220   0x08000220   0x00000000   Code   RO         6262    .ARM.Collect$$libinit$$0000001B  c_w.l(libinit2.o)
    0x08000220   0x08000220   0x00000000   Code   RO         6264    .ARM.Collect$$libinit$$0000001D  c_w.l(libinit2.o)
    0x08000220   0x08000220   0x00000000   Code   RO         6266    .ARM.Collect$$libinit$$0000001F  c_w.l(libinit2.o)
    0x08000220   0x08000220   0x00000000   Code   RO         6268    .ARM.Collect$$libinit$$00000021  c_w.l(libinit2.o)
    0x08000220   0x08000220   0x00000000   Code   RO         6270    .ARM.Collect$$libinit$$00000023  c_w.l(libinit2.o)
    0x08000220   0x08000220   0x00000000   Code   RO         6272    .ARM.Collect$$libinit$$00000025  c_w.l(libinit2.o)
    0x08000220   0x08000220   0x00000000   Code   RO         6276    .ARM.Collect$$libinit$$0000002C  c_w.l(libinit2.o)
    0x08000220   0x08000220   0x00000000   Code   RO         6278    .ARM.Collect$$libinit$$0000002E  c_w.l(libinit2.o)
    0x08000220   0x08000220   0x00000000   Code   RO         6280    .ARM.Collect$$libinit$$00000030  c_w.l(libinit2.o)
    0x08000220   0x08000220   0x00000000   Code   RO         6282    .ARM.Collect$$libinit$$00000032  c_w.l(libinit2.o)
    0x08000220   0x08000220   0x00000002   Code   RO         6283    .ARM.Collect$$libinit$$00000033  c_w.l(libinit2.o)
    0x08000222   0x08000222   0x00000002   Code   RO         6330    .ARM.Collect$$libshutdown$$00000000  c_w.l(libshutdown.o)
    0x08000224   0x08000224   0x00000000   Code   RO         6348    .ARM.Collect$$libshutdown$$00000002  c_w.l(libshutdown2.o)
    0x08000224   0x08000224   0x00000000   Code   RO         6350    .ARM.Collect$$libshutdown$$00000004  c_w.l(libshutdown2.o)
    0x08000224   0x08000224   0x00000000   Code   RO         6353    .ARM.Collect$$libshutdown$$00000007  c_w.l(libshutdown2.o)
    0x08000224   0x08000224   0x00000000   Code   RO         6356    .ARM.Collect$$libshutdown$$0000000A  c_w.l(libshutdown2.o)
    0x08000224   0x08000224   0x00000000   Code   RO         6358    .ARM.Collect$$libshutdown$$0000000C  c_w.l(libshutdown2.o)
    0x08000224   0x08000224   0x00000000   Code   RO         6361    .ARM.Collect$$libshutdown$$0000000F  c_w.l(libshutdown2.o)
    0x08000224   0x08000224   0x00000002   Code   RO         6362    .ARM.Collect$$libshutdown$$00000010  c_w.l(libshutdown2.o)
    0x08000226   0x08000226   0x00000000   Code   RO         6137    .ARM.Collect$$rtentry$$00000000  c_w.l(__rtentry.o)
    0x08000226   0x08000226   0x00000000   Code   RO         6161    .ARM.Collect$$rtentry$$00000002  c_w.l(__rtentry2.o)
    0x08000226   0x08000226   0x00000006   Code   RO         6173    .ARM.Collect$$rtentry$$00000004  c_w.l(__rtentry4.o)
    0x0800022c   0x0800022c   0x00000000   Code   RO         6163    .ARM.Collect$$rtentry$$00000009  c_w.l(__rtentry2.o)
    0x0800022c   0x0800022c   0x00000004   Code   RO         6164    .ARM.Collect$$rtentry$$0000000A  c_w.l(__rtentry2.o)
    0x08000230   0x08000230   0x00000000   Code   RO         6166    .ARM.Collect$$rtentry$$0000000C  c_w.l(__rtentry2.o)
    0x08000230   0x08000230   0x00000008   Code   RO         6167    .ARM.Collect$$rtentry$$0000000D  c_w.l(__rtentry2.o)
    0x08000238   0x08000238   0x00000002   Code   RO         6284    .ARM.Collect$$rtexit$$00000000  c_w.l(rtexit.o)
    0x0800023a   0x0800023a   0x00000000   Code   RO         6299    .ARM.Collect$$rtexit$$00000002  c_w.l(rtexit2.o)
    0x0800023a   0x0800023a   0x00000004   Code   RO         6300    .ARM.Collect$$rtexit$$00000003  c_w.l(rtexit2.o)
    0x0800023e   0x0800023e   0x00000006   Code   RO         6301    .ARM.Collect$$rtexit$$00000004  c_w.l(rtexit2.o)
    0x08000244   0x08000244   0x00000040   Code   RO            4    .text               startup_stm32l431xx.o
    0x08000284   0x08000284   0x000000ee   Code   RO         6075    .text               c_w.l(lludivv7m.o)
    0x08000372   0x08000372   0x00000002   PAD
    0x08000374   0x08000374   0x00000028   Code   RO         6079    .text               c_w.l(noretval__2sprintf.o)
    0x0800039c   0x0800039c   0x0000010e   Code   RO         6091    .text               c_w.l(__printf_wp.o)
    0x080004aa   0x080004aa   0x00000048   Code   RO         6105    .text               c_w.l(strcpy.o)
    0x080004f2   0x080004f2   0x0000008a   Code   RO         6109    .text               c_w.l(rt_memcpy_v6.o)
    0x0800057c   0x0800057c   0x0000004e   Code   RO         6111    .text               c_w.l(rt_memclr_w.o)
    0x080005ca   0x080005ca   0x00000006   Code   RO         6113    .text               c_w.l(heapauxi.o)
    0x080005d0   0x080005d0   0x00000424   Code   RO         6142    .text               c_w.l(_printf_fp_dec.o)
    0x080009f4   0x080009f4   0x00000030   Code   RO         6144    .text               c_w.l(_printf_char_common.o)
    0x08000a24   0x08000a24   0x0000000a   Code   RO         6146    .text               c_w.l(_sputc.o)
    0x08000a2e   0x08000a2e   0x00000064   Code   RO         6149    .text               c_w.l(rt_memcpy_w.o)
    0x08000a92   0x08000a92   0x00000002   PAD
    0x08000a94   0x08000a94   0x00000008   Code   RO         6180    .text               c_w.l(rt_locale_intlibspace.o)
    0x08000a9c   0x08000a9c   0x0000008a   Code   RO         6182    .text               c_w.l(lludiv10.o)
    0x08000b26   0x08000b26   0x00000002   PAD
    0x08000b28   0x08000b28   0x00000080   Code   RO         6184    .text               c_w.l(_printf_fp_infnan.o)
    0x08000ba8   0x08000ba8   0x000000e4   Code   RO         6188    .text               c_w.l(bigflt0.o)
    0x08000c8c   0x08000c8c   0x00000008   Code   RO         6220    .text               c_w.l(libspace.o)
    0x08000c94   0x08000c94   0x0000004a   Code   RO         6223    .text               c_w.l(sys_stackheap_outer.o)
    0x08000cde   0x08000cde   0x00000012   Code   RO         6225    .text               c_w.l(exit.o)
    0x08000cf0   0x08000cf0   0x00000080   Code   RO         6231    .text               c_w.l(strcmpv7m.o)
    0x08000d70   0x08000d70   0x0000000c   Code   RO         6296    .text               c_w.l(sys_exit.o)
    0x08000d7c   0x08000d7c   0x00000002   Code   RO         6317    .text               c_w.l(use_no_semi.o)
    0x08000d7e   0x08000d7e   0x00000000   Code   RO         6319    .text               c_w.l(indicate_semi.o)
    0x08000d7e   0x08000d7e   0x0000003e   Code   RO         6191    CL$$btod_d2e        c_w.l(btod.o)
    0x08000dbc   0x08000dbc   0x00000046   Code   RO         6193    CL$$btod_d2e_denorm_low  c_w.l(btod.o)
    0x08000e02   0x08000e02   0x00000060   Code   RO         6192    CL$$btod_d2e_norm_op1  c_w.l(btod.o)
    0x08000e62   0x08000e62   0x00000338   Code   RO         6201    CL$$btod_div_common  c_w.l(btod.o)
    0x0800119a   0x0800119a   0x000000dc   Code   RO         6198    CL$$btod_e2e        c_w.l(btod.o)
    0x08001276   0x08001276   0x0000002a   Code   RO         6195    CL$$btod_ediv       c_w.l(btod.o)
    0x080012a0   0x080012a0   0x0000002a   Code   RO         6194    CL$$btod_emul       c_w.l(btod.o)
    0x080012ca   0x080012ca   0x00000244   Code   RO         6200    CL$$btod_mult_common  c_w.l(btod.o)
    0x0800150e   0x0800150e   0x00000002   Code   RO          803    i.BusFault_Handler  stm32l4xx_it.o
    0x08001510   0x08001510   0x00000002   Code   RO          804    i.DebugMon_Handler  stm32l4xx_it.o
    0x08001512   0x08001512   0x00000002   PAD
    0x08001514   0x08001514   0x000000e0   Code   RO         5534    i.EPD_HW_Init       epaper.o
    0x080015f4   0x080015f4   0x00000018   Code   RO         5541    i.Epaper_READBUSY   epaper.o
    0x0800160c   0x0800160c   0x00000054   Code   RO         5542    i.Epaper_Spi_WriteByte  epaper.o
    0x08001660   0x08001660   0x00000040   Code   RO         5543    i.Epaper_Write_Command  epaper.o
    0x080016a0   0x080016a0   0x00000040   Code   RO         5544    i.Epaper_Write_Data  epaper.o
    0x080016e0   0x080016e0   0x00000024   Code   RO          293    i.Error_Handler     main.o
    0x08001704   0x08001704   0x00000074   Code   RO         5741    i.GUI_CreatWindow   gui.o
    0x08001778   0x08001778   0x00000020   Code   RO         5746    i.GUI_HideWindow    gui.o
    0x08001798   0x08001798   0x00000020   Code   RO         5752    i.GUI_SetFocus      gui.o
    0x080017b8   0x080017b8   0x00000020   Code   RO         5753    i.GUI_ShowWindow    gui.o
    0x080017d8   0x080017d8   0x000003f2   Code   RO          916    i.HAL_ADC_ConfigChannel  stm32l4xx_hal_adc.o
    0x08001bca   0x08001bca   0x00000002   PAD
    0x08001bcc   0x08001bcc   0x000001b0   Code   RO          925    i.HAL_ADC_Init      stm32l4xx_hal_adc.o
    0x08001d7c   0x08001d7c   0x00000090   Code   RO          552    i.HAL_ADC_MspInit   adc.o
    0x08001e0c   0x08001e0c   0x00000024   Code   RO         1323    i.HAL_Delay         stm32l4xx_hal.o
    0x08001e30   0x08001e30   0x000001d6   Code   RO         2562    i.HAL_GPIO_Init     stm32l4xx_hal_gpio.o
    0x08002006   0x08002006   0x0000000a   Code   RO         2564    i.HAL_GPIO_ReadPin  stm32l4xx_hal_gpio.o
    0x08002010   0x08002010   0x0000000a   Code   RO         2566    i.HAL_GPIO_WritePin  stm32l4xx_hal_gpio.o
    0x0800201a   0x0800201a   0x00000002   PAD
    0x0800201c   0x0800201c   0x0000000c   Code   RO         1327    i.HAL_GetTick       stm32l4xx_hal.o
    0x08002028   0x08002028   0x00000056   Code   RO         2012    i.HAL_I2CEx_ConfigAnalogFilter  stm32l4xx_hal_i2c_ex.o
    0x0800207e   0x0800207e   0x00000052   Code   RO         2013    i.HAL_I2CEx_ConfigDigitalFilter  stm32l4xx_hal_i2c_ex.o
    0x080020d0   0x080020d0   0x000000b8   Code   RO         1561    i.HAL_I2C_Init      stm32l4xx_hal_i2c.o
    0x08002188   0x08002188   0x0000016a   Code   RO         1579    i.HAL_I2C_Mem_Read  stm32l4xx_hal_i2c.o
    0x080022f2   0x080022f2   0x00000002   PAD
    0x080022f4   0x080022f4   0x0000015e   Code   RO         1582    i.HAL_I2C_Mem_Write  stm32l4xx_hal_i2c.o
    0x08002452   0x08002452   0x00000002   PAD
    0x08002454   0x08002454   0x00000080   Code   RO          594    i.HAL_I2C_MspInit   i2c.o
    0x080024d4   0x080024d4   0x00000010   Code   RO         1333    i.HAL_IncTick       stm32l4xx_hal.o
    0x080024e4   0x080024e4   0x0000001e   Code   RO         1334    i.HAL_Init          stm32l4xx_hal.o
    0x08002502   0x08002502   0x00000002   PAD
    0x08002504   0x08002504   0x00000044   Code   RO         1335    i.HAL_InitTick      stm32l4xx_hal.o
    0x08002548   0x08002548   0x0000002c   Code   RO          885    i.HAL_MspInit       stm32l4xx_hal_msp.o
    0x08002574   0x08002574   0x0000001a   Code   RO         3049    i.HAL_NVIC_EnableIRQ  stm32l4xx_hal_cortex.o
    0x0800258e   0x0800258e   0x00000002   PAD
    0x08002590   0x08002590   0x00000040   Code   RO         3055    i.HAL_NVIC_SetPriority  stm32l4xx_hal_cortex.o
    0x080025d0   0x080025d0   0x00000024   Code   RO         3056    i.HAL_NVIC_SetPriorityGrouping  stm32l4xx_hal_cortex.o
    0x080025f4   0x080025f4   0x00000068   Code   RO         2853    i.HAL_PWREx_ControlVoltageScaling  stm32l4xx_hal_pwr_ex.o
    0x0800265c   0x0800265c   0x00000010   Code   RO         2876    i.HAL_PWREx_GetVoltageRange  stm32l4xx_hal_pwr_ex.o
    0x0800266c   0x0800266c   0x00000014   Code   RO         2744    i.HAL_PWR_DisableWakeUpPin  stm32l4xx_hal_pwr.o
    0x08002680   0x08002680   0x00000010   Code   RO         2745    i.HAL_PWR_EnableBkUpAccess  stm32l4xx_hal_pwr.o
    0x08002690   0x08002690   0x0000001c   Code   RO         2749    i.HAL_PWR_EnableWakeUpPin  stm32l4xx_hal_pwr.o
    0x080026ac   0x080026ac   0x00000024   Code   RO         2751    i.HAL_PWR_EnterSTANDBYMode  stm32l4xx_hal_pwr.o
    0x080026d0   0x080026d0   0x000002ba   Code   RO         2195    i.HAL_RCCEx_PeriphCLKConfig  stm32l4xx_hal_rcc_ex.o
    0x0800298a   0x0800298a   0x00000002   PAD
    0x0800298c   0x0800298c   0x00000120   Code   RO         2067    i.HAL_RCC_ClockConfig  stm32l4xx_hal_rcc.o
    0x08002aac   0x08002aac   0x00000024   Code   RO         2073    i.HAL_RCC_GetPCLK1Freq  stm32l4xx_hal_rcc.o
    0x08002ad0   0x08002ad0   0x00000024   Code   RO         2074    i.HAL_RCC_GetPCLK2Freq  stm32l4xx_hal_rcc.o
    0x08002af4   0x08002af4   0x000000a4   Code   RO         2076    i.HAL_RCC_GetSysClockFreq  stm32l4xx_hal_rcc.o
    0x08002b98   0x08002b98   0x0000056c   Code   RO         2079    i.HAL_RCC_OscConfig  stm32l4xx_hal_rcc.o
    0x08003104   0x08003104   0x0000008a   Code   RO         3432    i.HAL_RTCEx_DeactivateWakeUpTimer  stm32l4xx_hal_rtc_ex.o
    0x0800318e   0x0800318e   0x00000002   PAD
    0x08003190   0x08003190   0x000000e2   Code   RO         3453    i.HAL_RTCEx_SetWakeUpTimer_IT  stm32l4xx_hal_rtc_ex.o
    0x08003272   0x08003272   0x00000002   Code   RO         3459    i.HAL_RTCEx_WakeUpTimerEventCallback  stm32l4xx_hal_rtc_ex.o
    0x08003274   0x08003274   0x00000034   Code   RO         3460    i.HAL_RTCEx_WakeUpTimerIRQHandler  stm32l4xx_hal_rtc_ex.o
    0x080032a8   0x080032a8   0x00000044   Code   RO         3261    i.HAL_RTC_GetDate   stm32l4xx_hal_rtc.o
    0x080032ec   0x080032ec   0x00000054   Code   RO         3263    i.HAL_RTC_GetTime   stm32l4xx_hal_rtc.o
    0x08003340   0x08003340   0x0000009c   Code   RO         3264    i.HAL_RTC_Init      stm32l4xx_hal_rtc.o
    0x080033dc   0x080033dc   0x00000054   Code   RO          636    i.HAL_RTC_MspInit   rtc.o
    0x08003430   0x08003430   0x00000036   Code   RO         3272    i.HAL_RTC_WaitForSynchro  stm32l4xx_hal_rtc.o
    0x08003466   0x08003466   0x000000e0   Code   RO         3675    i.HAL_SPI_Init      stm32l4xx_hal_spi.o
    0x08003546   0x08003546   0x00000002   PAD
    0x08003548   0x08003548   0x00000064   Code   RO          678    i.HAL_SPI_MspInit   spi.o
    0x080035ac   0x080035ac   0x00000028   Code   RO         3060    i.HAL_SYSTICK_Config  stm32l4xx_hal_cortex.o
    0x080035d4   0x080035d4   0x00000062   Code   RO         4017    i.HAL_TIM_Base_Init  stm32l4xx_hal_tim.o
    0x08003636   0x08003636   0x00000002   PAD
    0x08003638   0x08003638   0x00000028   Code   RO          720    i.HAL_TIM_Base_MspInit  tim.o
    0x08003660   0x08003660   0x00000066   Code   RO         5045    i.HAL_UART_Init     stm32l4xx_hal_uart.o
    0x080036c6   0x080036c6   0x00000002   PAD
    0x080036c8   0x080036c8   0x00000080   Code   RO          762    i.HAL_UART_MspInit  usart.o
    0x08003748   0x08003748   0x00000002   Code   RO          805    i.HardFault_Handler  stm32l4xx_it.o
    0x0800374a   0x0800374a   0x00000022   Code   RO         1608    i.I2C_Flush_TXDR    stm32l4xx_hal_i2c.o
    0x0800376c   0x0800376c   0x00000120   Code   RO         1616    i.I2C_IsErrorOccurred  stm32l4xx_hal_i2c.o
    0x0800388c   0x0800388c   0x00000064   Code   RO         1619    i.I2C_RequestMemoryRead  stm32l4xx_hal_i2c.o
    0x080038f0   0x080038f0   0x00000064   Code   RO         1620    i.I2C_RequestMemoryWrite  stm32l4xx_hal_i2c.o
    0x08003954   0x08003954   0x00000030   Code   RO         1623    i.I2C_TransferConfig  stm32l4xx_hal_i2c.o
    0x08003984   0x08003984   0x00000058   Code   RO         1625    i.I2C_WaitOnFlagUntilTimeout  stm32l4xx_hal_i2c.o
    0x080039dc   0x080039dc   0x0000004c   Code   RO         1627    i.I2C_WaitOnSTOPFlagUntilTimeout  stm32l4xx_hal_i2c.o
    0x08003a28   0x08003a28   0x00000050   Code   RO         1628    i.I2C_WaitOnTXISFlagUntilTimeout  stm32l4xx_hal_i2c.o
    0x08003a78   0x08003a78   0x0000000c   Code   RO          938    i.LL_ADC_GetOffsetChannel  stm32l4xx_hal_adc.o
    0x08003a84   0x08003a84   0x00000008   Code   RO          939    i.LL_ADC_INJ_IsConversionOngoing  stm32l4xx_hal_adc.o
    0x08003a8c   0x08003a8c   0x00000008   Code   RO          940    i.LL_ADC_REG_IsConversionOngoing  stm32l4xx_hal_adc.o
    0x08003a94   0x08003a94   0x0000001e   Code   RO          943    i.LL_ADC_SetChannelSamplingTime  stm32l4xx_hal_adc.o
    0x08003ab2   0x08003ab2   0x00000010   Code   RO          944    i.LL_ADC_SetOffsetState  stm32l4xx_hal_adc.o
    0x08003ac2   0x08003ac2   0x00000002   PAD
    0x08003ac4   0x08003ac4   0x00000078   Code   RO          553    i.MX_ADC1_Init      adc.o
    0x08003b3c   0x08003b3c   0x000000fc   Code   RO          527    i.MX_GPIO_Init      gpio.o
    0x08003c38   0x08003c38   0x00000058   Code   RO          595    i.MX_I2C1_Init      i2c.o
    0x08003c90   0x08003c90   0x00000038   Code   RO          637    i.MX_RTC_Init       rtc.o
    0x08003cc8   0x08003cc8   0x00000050   Code   RO          679    i.MX_SPI1_Init      spi.o
    0x08003d18   0x08003d18   0x00000038   Code   RO          721    i.MX_TIM16_Init     tim.o
    0x08003d50   0x08003d50   0x0000003c   Code   RO          763    i.MX_USART1_UART_Init  usart.o
    0x08003d8c   0x08003d8c   0x00000002   Code   RO          806    i.MemManage_Handler  stm32l4xx_it.o
    0x08003d8e   0x08003d8e   0x00000040   Code   RO         5755    i.MsgQueuePacketIn  gui.o
    0x08003dce   0x08003dce   0x00000002   Code   RO          807    i.NMI_Handler       stm32l4xx_it.o
    0x08003dd0   0x08003dd0   0x00000002   Code   RO          808    i.PendSV_Handler    stm32l4xx_it.o
    0x08003dd2   0x08003dd2   0x00000002   PAD
    0x08003dd4   0x08003dd4   0x0000012c   Code   RO         2199    i.RCCEx_PLLSAI1_Config  stm32l4xx_hal_rcc_ex.o
    0x08003f00   0x08003f00   0x0000007c   Code   RO         2080    i.RCC_SetFlashLatencyFromMSIRange  stm32l4xx_hal_rcc.o
    0x08003f7c   0x08003f7c   0x00000012   Code   RO         3273    i.RTC_Bcd2ToByte    stm32l4xx_hal_rtc.o
    0x08003f8e   0x08003f8e   0x00000002   PAD
    0x08003f90   0x08003f90   0x00000046   Code   RO         3275    i.RTC_EnterInitMode  stm32l4xx_hal_rtc.o
    0x08003fd6   0x08003fd6   0x00000002   PAD
    0x08003fd8   0x08003fd8   0x00000058   Code   RO         3276    i.RTC_ExitInitMode  stm32l4xx_hal_rtc.o
    0x08004030   0x08004030   0x0000000c   Code   RO          809    i.RTC_WKUP_IRQHandler  stm32l4xx_it.o
    0x0800403c   0x0800403c   0x00000038   Code   RO           35    i.SEGGER_RTT_Write  segger_rtt.o
    0x08004074   0x08004074   0x0000005c   Code   RO           38    i.SEGGER_RTT_WriteNoLock  segger_rtt.o
    0x080040d0   0x080040d0   0x00000016   Code   RO          252    i.SEGGER_RTT_printf  segger_rtt_printf.o
    0x080040e6   0x080040e6   0x00000196   Code   RO          253    i.SEGGER_RTT_vprintf  segger_rtt_printf.o
    0x0800427c   0x0800427c   0x00000034   Code   RO         5645    i.SHT20_GetValue    sht20.o
    0x080042b0   0x080042b0   0x00000028   Code   RO         5647    i.SHT20_reset       sht20.o
    0x080042d8   0x080042d8   0x00000020   Code   RO         5648    i.SHT2x_CalcRH      sht20.o
    0x080042f8   0x080042f8   0x0000003c   Code   RO         5649    i.SHT2x_CalcTemperatureC  sht20.o
    0x08004334   0x08004334   0x0000003c   Code   RO         5650    i.SHT2x_CheckCrc    sht20.o
    0x08004370   0x08004370   0x0000005c   Code   RO         5651    i.SHT2x_MeasureHM   sht20.o
    0x080043cc   0x080043cc   0x00000002   Code   RO          810    i.SVC_Handler       stm32l4xx_it.o
    0x080043ce   0x080043ce   0x00000002   PAD
    0x080043d0   0x080043d0   0x0000004c   Code   RO          295    i.StandbyRTCMode_Measure  main.o
    0x0800441c   0x0800441c   0x00000018   Code   RO         5948    i.StatusBarInit     statusbar.o
    0x08004434   0x08004434   0x00000004   Code   RO          811    i.SysTick_Handler   stm32l4xx_it.o
    0x08004438   0x08004438   0x00000084   Code   RO          296    i.SystemClock_Config  main.o
    0x080044bc   0x080044bc   0x00000010   Code   RO         5493    i.SystemInit        system_stm32l4xx.o
    0x080044cc   0x080044cc   0x0000006c   Code   RO         4110    i.TIM_Base_SetConfig  stm32l4xx_hal_tim.o
    0x08004538   0x08004538   0x000000c8   Code   RO         5059    i.UART_AdvFeatureConfig  stm32l4xx_hal_uart.o
    0x08004600   0x08004600   0x0000005c   Code   RO         5060    i.UART_CheckIdleState  stm32l4xx_hal_uart.o
    0x0800465c   0x0800465c   0x00000200   Code   RO         5075    i.UART_SetConfig    stm32l4xx_hal_uart.o
    0x0800485c   0x0800485c   0x000000c6   Code   RO         5080    i.UART_WaitOnFlagUntilTimeout  stm32l4xx_hal_uart.o
    0x08004922   0x08004922   0x00000002   Code   RO          812    i.UsageFault_Handler  stm32l4xx_it.o
    0x08004924   0x08004924   0x00000030   Code   RO         5851    i.WinInit           mainwindow.o
    0x08004954   0x08004954   0x00000068   Code   RO           42    i._DoInit           segger_rtt.o
    0x080049bc   0x080049bc   0x00000016   Code   RO           43    i._GetAvailWriteSpace  segger_rtt.o
    0x080049d2   0x080049d2   0x00000002   PAD
    0x080049d4   0x080049d4   0x000000cc   Code   RO          254    i._PrintInt         segger_rtt_printf.o
    0x08004aa0   0x08004aa0   0x000000da   Code   RO          255    i._PrintUnsigned    segger_rtt_printf.o
    0x08004b7a   0x08004b7a   0x0000003e   Code   RO          256    i._StoreChar        segger_rtt_printf.o
    0x08004bb8   0x08004bb8   0x0000005a   Code   RO           45    i._WriteBlocking    segger_rtt.o
    0x08004c12   0x08004c12   0x00000042   Code   RO           46    i._WriteNoCheck     segger_rtt.o
    0x08004c54   0x08004c54   0x00000030   Code   RO         6218    i.__ARM_fpclassify  m_wm.l(fpclassify.o)
    0x08004c84   0x08004c84   0x00000020   Code   RO         3062    i.__NVIC_SetPriority  stm32l4xx_hal_cortex.o
    0x08004ca4   0x08004ca4   0x00000054   Code   RO         5852    i._cbMainWindow     mainwindow.o
    0x08004cf8   0x08004cf8   0x00000074   Code   RO         5908    i._cbMenuWindow     menuwindow.o
    0x08004d6c   0x08004d6c   0x0000005c   Code   RO         5949    i._cbStatusBar      statusbar.o
    0x08004dc8   0x08004dc8   0x0000000e   Code   RO         6093    i._is_digit         c_w.l(__printf_wp.o)
    0x08004dd6   0x08004dd6   0x00000018   Code   RO         5545    i.driver_delay_xms  epaper.o
    0x08004dee   0x08004dee   0x00000002   PAD
    0x08004df0   0x08004df0   0x000000e4   Code   RO          297    i.main              main.o
    0x08004ed4   0x08004ed4   0x00000018   Code   RO         5853    i.mainWindowInit    mainwindow.o
    0x08004eec   0x08004eec   0x00000020   Code   RO         5909    i.menuWindowInit    menuwindow.o
    0x08004f0c   0x08004f0c   0x00000002   Code   RO         5986    i.oled_clear_all    oledops.o
    0x08004f0e   0x08004f0e   0x00000002   Code   RO         5987    i.oled_clear_notitle  oledops.o
    0x08004f10   0x08004f10   0x00000002   Code   RO         5988    i.oled_clear_window  oledops.o
    0x08004f12   0x08004f12   0x00000002   Code   RO         5989    i.oled_set_power    oledops.o
    0x08004f14   0x08004f14   0x00000002   Code   RO         5990    i.oled_set_time     oledops.o
    0x08004f16   0x08004f16   0x00000002   Code   RO         5991    i.oled_set_wlstate  oledops.o
    0x08004f18   0x08004f18   0x00000002   Code   RO         5992    i.oled_show_Init    oledops.o
    0x08004f1a   0x08004f1a   0x00000002   Code   RO         5993    i.oled_show_low_power  oledops.o
    0x08004f1c   0x08004f1c   0x00000002   Code   RO         5994    i.oled_show_mainwindow  oledops.o
    0x08004f1e   0x08004f1e   0x00000002   Code   RO         5995    i.oled_show_menu    oledops.o
    0x08004f20   0x08004f20   0x00000002   Code   RO         5996    i.oled_show_self_check  oledops.o
    0x08004f22   0x08004f22   0x00000002   Code   RO         5997    i.oled_show_welcome  oledops.o
    0x08004f24   0x08004f24   0x0000002c   Code   RO         6214    locale$$code        c_w.l(lc_numeric_c.o)
    0x08004f50   0x08004f50   0x00000062   Code   RO         6117    x$fpl$d2f           fz_wm.l(d2f.o)
    0x08004fb2   0x08004fb2   0x00000002   PAD
    0x08004fb4   0x08004fb4   0x00000150   Code   RO         6119    x$fpl$dadd          fz_wm.l(daddsub_clz.o)
    0x08005104   0x08005104   0x00000026   Code   RO         6125    x$fpl$dfltu         fz_wm.l(dflt_clz.o)
    0x0800512a   0x0800512a   0x00000002   PAD
    0x0800512c   0x0800512c   0x00000154   Code   RO         6131    x$fpl$dmul          fz_wm.l(dmul.o)
    0x08005280   0x08005280   0x0000009c   Code   RO         6151    x$fpl$dnaninf       fz_wm.l(dnaninf.o)
    0x0800531c   0x0800531c   0x0000000c   Code   RO         6153    x$fpl$dretinf       fz_wm.l(dretinf.o)
    0x08005328   0x08005328   0x000001d4   Code   RO         6121    x$fpl$dsub          fz_wm.l(daddsub_clz.o)
    0x080054fc   0x080054fc   0x00000056   Code   RO         6133    x$fpl$f2d           fz_wm.l(f2d.o)
    0x08005552   0x08005552   0x0000008c   Code   RO         6155    x$fpl$fnaninf       fz_wm.l(fnaninf.o)
    0x080055de   0x080055de   0x0000000a   Code   RO         6294    x$fpl$fpinit        fz_wm.l(fpinit.o)
    0x080055e8   0x080055e8   0x0000000a   Code   RO         6157    x$fpl$fretinf       fz_wm.l(fretinf.o)
    0x080055f2   0x080055f2   0x00000004   Code   RO         6135    x$fpl$printf1       fz_wm.l(printf1.o)
    0x080055f6   0x080055f6   0x00000000   Code   RO         6159    x$fpl$usenofp       fz_wm.l(usenofp.o)
    0x080055f6   0x080055f6   0x00000010   Data   RO          257    .constdata          segger_rtt_printf.o
    0x08005606   0x08005606   0x00000002   PAD
    0x08005608   0x08005608   0x00000040   Data   RO         5494    .constdata          system_stm32l4xx.o
    0x08005648   0x08005648   0x00000008   Data   RO         5495    .constdata          system_stm32l4xx.o
    0x08005650   0x08005650   0x00000094   Data   RO         6189    .constdata          c_w.l(bigflt0.o)
    0x080056e4   0x080056e4   0x00000020   Data   RO         6363    Region$$Table       anon$$obj.o
    0x08005704   0x08005704   0x0000001c   Data   RO         6213    locale$$data        c_w.l(lc_numeric_c.o)


    Execution Region RW_IRAM2 (Exec base: 0x10000000, Load base: 0x0800578c, Size: 0x00000000, Max: 0x00004000, ABSOLUTE)

    **** No section assigned to this execution region ****


    Execution Region RW_IRAM1 (Exec base: 0x20000000, Load base: 0x08005720, Size: 0x00002f40, Max: 0x0000c000, ABSOLUTE)

    Exec Addr    Load Addr    Size         Type   Attr      Idx    E Section Name        Object

    0x20000000   0x08005720   0x00000004   Data   RW          299    .data               main.o
    0x20000004   0x08005724   0x0000000c   Data   RW         1351    .data               stm32l4xx_hal.o
    0x20000010   0x08005730   0x00000004   Data   RW         5496    .data               system_stm32l4xx.o
    0x20000014   0x08005734   0x00000008   Data   RW         5653    .data               sht20.o
    0x2000001c   0x0800573c   0x00000034   Data   RW         5712    .data               display.o
    0x20000050   0x08005770   0x00000008   Data   RW         5758    .data               gui.o
    0x20000058   0x08005778   0x00000004   Data   RW         5854    .data               mainwindow.o
    0x2000005c   0x0800577c   0x00000008   Data   RW         5910    .data               menuwindow.o
    0x20000064   0x08005784   0x00000008   Data   RW         5950    .data               statusbar.o
    0x2000006c        -       0x00000888   Zero   RW           47    .bss                segger_rtt.o
    0x200008f4        -       0x00000014   Zero   RW          298    .bss                main.o
    0x20000908        -       0x00000064   Zero   RW          554    .bss                adc.o
    0x2000096c        -       0x0000004c   Zero   RW          596    .bss                i2c.o
    0x200009b8        -       0x00000024   Zero   RW          638    .bss                rtc.o
    0x200009dc        -       0x00000064   Zero   RW          680    .bss                spi.o
    0x20000a40        -       0x0000004c   Zero   RW          722    .bss                tim.o
    0x20000a8c        -       0x00000084   Zero   RW          764    .bss                usart.o
    0x20000b10        -       0x000003d0   Zero   RW         5757    .bss                gui.o
    0x20000ee0        -       0x00000060   Zero   RW         6221    .bss                c_w.l(libspace.o)
    0x20000f40        -       0x00001000   Zero   RW            2    HEAP                startup_stm32l431xx.o
    0x20001f40        -       0x00001000   Zero   RW            1    STACK               startup_stm32l431xx.o


==============================================================================

Image component sizes


      Code (inc. data)   RO Data    RW Data    ZI Data      Debug   Object Name

       264         24          0          0        100       1733   adc.o
         0          0          0         52          0        846   display.o
       484         24          0          0          0       3888   epaper.o
       252         14          0          0          0        987   gpio.o
       276         26          0          8        976       4770   gui.o
       216         26          0          0         76       1685   i2c.o
       472         92          0          4         20     738409   main.o
       156         26          0          4          0       2225   mainwindow.o
       148         28          0          8          0       1373   menuwindow.o
        24          0          0          0          0       5328   oledops.o
       140         18          0          0         36       1547   rtc.o
       430         40          0          0       2184      10606   segger_rtt.o
       912          6         16          0          0       5585   segger_rtt_printf.o
       336         38          0          8          0       4812   sht20.o
       180         20          0          0        100       1633   spi.o
        64         26        396          0       8192        828   startup_stm32l431xx.o
       116         16          0          8          0       1421   statusbar.o
       162         24          0         12          0      12517   stm32l4xx_hal.o
      1516         76          0          0          0      57883   stm32l4xx_hal_adc.o
       198         14          0          0          0      33743   stm32l4xx_hal_cortex.o
       490         30          0          0          0       2859   stm32l4xx_hal_gpio.o
      1710         40          0          0          0      11978   stm32l4xx_hal_i2c.o
       168          0          0          0          0       1863   stm32l4xx_hal_i2c_ex.o
        44          6          0          0          0        822   stm32l4xx_hal_msp.o
       100         24          0          0          0       2219   stm32l4xx_hal_pwr.o
       120         20          0          0          0       1338   stm32l4xx_hal_pwr_ex.o
      2036         98          0          0          0       6884   stm32l4xx_hal_rcc.o
       998         32          0          0          0       2884   stm32l4xx_hal_rcc_ex.o
       538         24          0          0          0       5503   stm32l4xx_hal_rtc.o
       418         10          0          0          0       3491   stm32l4xx_hal_rtc_ex.o
       224          0          0          0          0       1211   stm32l4xx_hal_spi.o
       206         14          0          0          0       2847   stm32l4xx_hal_tim.o
      1104         54          0          0          0       5237   stm32l4xx_hal_uart.o
        32          6          0          0          0       4492   stm32l4xx_it.o
        16          4         72          4          0       1137   system_stm32l4xx.o
        96         18          0          0         76       1508   tim.o
       188         18          0          0        132       1702   usart.o

    ----------------------------------------------------------------------
     14872        936        518        108      11892     949794   Object Totals
         0          0         32          0          0          0   (incl. Generated)
        38          0          2          0          0          0   (incl. Padding)

    ----------------------------------------------------------------------

      Code (inc. data)   RO Data    RW Data    ZI Data      Debug   Library Member Name

         8          0          0          0          0         68   __main.o
       284          0          0          0          0        156   __printf_wp.o
         0          0          0          0          0          0   __rtentry.o
        12          0          0          0          0          0   __rtentry2.o
         6          0          0          0          0          0   __rtentry4.o
        52          8          0          0          0          0   __scatter.o
        26          0          0          0          0          0   __scatter_copy.o
        28          0          0          0          0          0   __scatter_zi.o
        48          6          0          0          0         96   _printf_char_common.o
         6          0          0          0          0          0   _printf_f.o
      1060          0          0          0          0        216   _printf_fp_dec.o
       128         16          0          0          0         84   _printf_fp_infnan.o
         0          0          0          0          0          0   _printf_percent.o
         4          0          0          0          0          0   _printf_percent_end.o
        10          0          0          0          0         68   _sputc.o
       228          4        148          0          0         96   bigflt0.o
      1936        128          0          0          0        672   btod.o
        18          0          0          0          0         80   exit.o
         6          0          0          0          0        152   heapauxi.o
         0          0          0          0          0          0   indicate_semi.o
        44         10         28          0          0         76   lc_numeric_c.o
         2          0          0          0          0          0   libinit.o
        22          0          0          0          0          0   libinit2.o
         2          0          0          0          0          0   libshutdown.o
         2          0          0          0          0          0   libshutdown2.o
         8          4          0          0         96         68   libspace.o
       138          0          0          0          0         80   lludiv10.o
       238          0          0          0          0        100   lludivv7m.o
        40          6          0          0          0         84   noretval__2sprintf.o
         8          4          0          0          0         68   rt_locale_intlibspace.o
        78          0          0          0          0         80   rt_memclr_w.o
       138          0          0          0          0         68   rt_memcpy_v6.o
       100          0          0          0          0         80   rt_memcpy_w.o
         2          0          0          0          0          0   rtexit.o
        10          0          0          0          0          0   rtexit2.o
       128          0          0          0          0         68   strcmpv7m.o
        72          0          0          0          0         80   strcpy.o
        12          4          0          0          0         68   sys_exit.o
        74          0          0          0          0         80   sys_stackheap_outer.o
         2          0          0          0          0         68   use_no_semi.o
        98          4          0          0          0        140   d2f.o
       804         16          0          0          0        368   daddsub_clz.o
        38          0          0          0          0        116   dflt_clz.o
       340         12          0          0          0        152   dmul.o
       156          4          0          0          0        140   dnaninf.o
        12          0          0          0          0        116   dretinf.o
        86          4          0          0          0        132   f2d.o
       140          4          0          0          0        132   fnaninf.o
        10          0          0          0          0        116   fpinit.o
        10          0          0          0          0        116   fretinf.o
         4          0          0          0          0        116   printf1.o
         0          0          0          0          0          0   usenofp.o
        48          0          0          0          0        124   fpclassify.o

    ----------------------------------------------------------------------
      6738        234        176          0         96       4524   Library Totals
        12          0          0          0          0          0   (incl. Padding)

    ----------------------------------------------------------------------

      Code (inc. data)   RO Data    RW Data    ZI Data      Debug   Library Name

      4980        190        176          0         96       2756   c_w.l
      1698         44          0          0          0       1644   fz_wm.l
        48          0          0          0          0        124   m_wm.l

    ----------------------------------------------------------------------
      6738        234        176          0         96       4524   Library Totals

    ----------------------------------------------------------------------

==============================================================================


      Code (inc. data)   RO Data    RW Data    ZI Data      Debug   

     21610       1170        694        108      11988     938310   Grand Totals
     21610       1170        694        108      11988     938310   ELF Image Totals
     21610       1170        694        108          0          0   ROM Totals

==============================================================================

    Total RO  Size (Code + RO Data)                22304 (  21.78kB)
    Total RW  Size (RW Data + ZI Data)             12096 (  11.81kB)
    Total ROM Size (Code + RO Data + RW Data)      22412 (  21.89kB)

==============================================================================

